Archive member included to satisfy reference by file (symbol)

/opt/gcc-arm/bin/../lib/gcc/arm-none-eabi/10.3.1/../../../../arm-none-eabi/lib/thumb/v7e-m/nofp/libc.a(lib_a-exit.o)
                              /opt/gcc-arm/bin/../lib/gcc/arm-none-eabi/10.3.1/../../../../arm-none-eabi/lib/thumb/v7e-m/nofp/rdimon-crt0.o (exit)
/opt/gcc-arm/bin/../lib/gcc/arm-none-eabi/10.3.1/../../../../arm-none-eabi/lib/thumb/v7e-m/nofp/libc.a(lib_a-impure.o)
                              /opt/gcc-arm/bin/../lib/gcc/arm-none-eabi/10.3.1/../../../../arm-none-eabi/lib/thumb/v7e-m/nofp/libc.a(lib_a-exit.o) (_global_impure_ptr)
/opt/gcc-arm/bin/../lib/gcc/arm-none-eabi/10.3.1/../../../../arm-none-eabi/lib/thumb/v7e-m/nofp/libc.a(lib_a-init.o)
                              /opt/gcc-arm/bin/../lib/gcc/arm-none-eabi/10.3.1/../../../../arm-none-eabi/lib/thumb/v7e-m/nofp/rdimon-crt0.o (__libc_init_array)
/opt/gcc-arm/bin/../lib/gcc/arm-none-eabi/10.3.1/../../../../arm-none-eabi/lib/thumb/v7e-m/nofp/libc.a(lib_a-memset.o)
                              /opt/gcc-arm/bin/../lib/gcc/arm-none-eabi/10.3.1/../../../../arm-none-eabi/lib/thumb/v7e-m/nofp/rdimon-crt0.o (memset)
/opt/gcc-arm/bin/../lib/gcc/arm-none-eabi/10.3.1/../../../../arm-none-eabi/lib/thumb/v7e-m/nofp/libc.a(lib_a-puts.o)
                              i2c.o (puts)
/opt/gcc-arm/bin/../lib/gcc/arm-none-eabi/10.3.1/../../../../arm-none-eabi/lib/thumb/v7e-m/nofp/libc.a(lib_a-strlen.o)
                              /opt/gcc-arm/bin/../lib/gcc/arm-none-eabi/10.3.1/../../../../arm-none-eabi/lib/thumb/v7e-m/nofp/libc.a(lib_a-puts.o) (strlen)
/opt/gcc-arm/bin/../lib/gcc/arm-none-eabi/10.3.1/../../../../arm-none-eabi/lib/thumb/v7e-m/nofp/libc.a(lib_a-__call_atexit.o)
                              /opt/gcc-arm/bin/../lib/gcc/arm-none-eabi/10.3.1/../../../../arm-none-eabi/lib/thumb/v7e-m/nofp/libc.a(lib_a-exit.o) (__call_exitprocs)
/opt/gcc-arm/bin/../lib/gcc/arm-none-eabi/10.3.1/../../../../arm-none-eabi/lib/thumb/v7e-m/nofp/libc.a(lib_a-atexit.o)
                              /opt/gcc-arm/bin/../lib/gcc/arm-none-eabi/10.3.1/../../../../arm-none-eabi/lib/thumb/v7e-m/nofp/libc.a(lib_a-__call_atexit.o) (atexit)
/opt/gcc-arm/bin/../lib/gcc/arm-none-eabi/10.3.1/../../../../arm-none-eabi/lib/thumb/v7e-m/nofp/libc.a(lib_a-findfp.o)
                              /opt/gcc-arm/bin/../lib/gcc/arm-none-eabi/10.3.1/../../../../arm-none-eabi/lib/thumb/v7e-m/nofp/libc.a(lib_a-puts.o) (__sinit)
/opt/gcc-arm/bin/../lib/gcc/arm-none-eabi/10.3.1/../../../../arm-none-eabi/lib/thumb/v7e-m/nofp/libc.a(lib_a-fini.o)
                              /opt/gcc-arm/bin/../lib/gcc/arm-none-eabi/10.3.1/../../../../arm-none-eabi/lib/thumb/v7e-m/nofp/libc.a(lib_a-__call_atexit.o) (__libc_fini_array)
/opt/gcc-arm/bin/../lib/gcc/arm-none-eabi/10.3.1/../../../../arm-none-eabi/lib/thumb/v7e-m/nofp/libc.a(lib_a-fvwrite.o)
                              /opt/gcc-arm/bin/../lib/gcc/arm-none-eabi/10.3.1/../../../../arm-none-eabi/lib/thumb/v7e-m/nofp/libc.a(lib_a-puts.o) (__sfvwrite_r)
/opt/gcc-arm/bin/../lib/gcc/arm-none-eabi/10.3.1/../../../../arm-none-eabi/lib/thumb/v7e-m/nofp/libc.a(lib_a-fwalk.o)
                              /opt/gcc-arm/bin/../lib/gcc/arm-none-eabi/10.3.1/../../../../arm-none-eabi/lib/thumb/v7e-m/nofp/libc.a(lib_a-findfp.o) (_fwalk)
/opt/gcc-arm/bin/../lib/gcc/arm-none-eabi/10.3.1/../../../../arm-none-eabi/lib/thumb/v7e-m/nofp/libc.a(lib_a-lock.o)
                              /opt/gcc-arm/bin/../lib/gcc/arm-none-eabi/10.3.1/../../../../arm-none-eabi/lib/thumb/v7e-m/nofp/libc.a(lib_a-findfp.o) (__retarget_lock_init_recursive)
/opt/gcc-arm/bin/../lib/gcc/arm-none-eabi/10.3.1/../../../../arm-none-eabi/lib/thumb/v7e-m/nofp/libc.a(lib_a-mallocr.o)
                              /opt/gcc-arm/bin/../lib/gcc/arm-none-eabi/10.3.1/../../../../arm-none-eabi/lib/thumb/v7e-m/nofp/libc.a(lib_a-findfp.o) (_malloc_r)
/opt/gcc-arm/bin/../lib/gcc/arm-none-eabi/10.3.1/../../../../arm-none-eabi/lib/thumb/v7e-m/nofp/libc.a(lib_a-memchr.o)
                              /opt/gcc-arm/bin/../lib/gcc/arm-none-eabi/10.3.1/../../../../arm-none-eabi/lib/thumb/v7e-m/nofp/libc.a(lib_a-fvwrite.o) (memchr)
/opt/gcc-arm/bin/../lib/gcc/arm-none-eabi/10.3.1/../../../../arm-none-eabi/lib/thumb/v7e-m/nofp/libc.a(lib_a-memcpy.o)
                              /opt/gcc-arm/bin/../lib/gcc/arm-none-eabi/10.3.1/../../../../arm-none-eabi/lib/thumb/v7e-m/nofp/libc.a(lib_a-fvwrite.o) (memcpy)
/opt/gcc-arm/bin/../lib/gcc/arm-none-eabi/10.3.1/../../../../arm-none-eabi/lib/thumb/v7e-m/nofp/libc.a(lib_a-memmove.o)
                              /opt/gcc-arm/bin/../lib/gcc/arm-none-eabi/10.3.1/../../../../arm-none-eabi/lib/thumb/v7e-m/nofp/libc.a(lib_a-fvwrite.o) (memmove)
/opt/gcc-arm/bin/../lib/gcc/arm-none-eabi/10.3.1/../../../../arm-none-eabi/lib/thumb/v7e-m/nofp/libc.a(lib_a-mlock.o)
                              /opt/gcc-arm/bin/../lib/gcc/arm-none-eabi/10.3.1/../../../../arm-none-eabi/lib/thumb/v7e-m/nofp/libc.a(lib_a-mallocr.o) (__malloc_lock)
[...]
Memory Configuration

Name             Origin             Length             Attributes
FLASH            0x0000000008000000 0x0000000000100000 xr
SRAM1            0x0000000020000000 0x0000000000018000 xrw
SRAM2            0x0000000010000000 0x0000000000008000 xrw
*default*        0x0000000000000000 0xffffffffffffffff

Linker script and memory map

LOAD /opt/gcc-arm/bin/../lib/gcc/arm-none-eabi/10.3.1/thumb/v7e-m/nofp/crti.o
LOAD /opt/gcc-arm/bin/../lib/gcc/arm-none-eabi/10.3.1/thumb/v7e-m/nofp/crtbegin.o
LOAD /opt/gcc-arm/bin/../lib/gcc/arm-none-eabi/10.3.1/../../../../arm-none-eabi/lib/thumb/v7e-m/nofp/rdimon-crt0.o
LOAD main.o
LOAD gpio.o
LOAD clock.o
LOAD i2c.o
LOAD nvic.o
LOAD exti.o
LOAD systick.o
LOAD stm32_startup.o
START GROUP
LOAD /opt/gcc-arm/bin/../lib/gcc/arm-none-eabi/10.3.1/thumb/v7e-m/nofp/libgcc.a
LOAD /opt/gcc-arm/bin/../lib/gcc/arm-none-eabi/10.3.1/../../../../arm-none-eabi/lib/thumb/v7e-m/nofp/libc.a
END GROUP
START GROUP
LOAD /opt/gcc-arm/bin/../lib/gcc/arm-none-eabi/10.3.1/thumb/v7e-m/nofp/libgcc.a
LOAD /opt/gcc-arm/bin/../lib/gcc/arm-none-eabi/10.3.1/../../../../arm-none-eabi/lib/thumb/v7e-m/nofp/libc.a
LOAD /opt/gcc-arm/bin/../lib/gcc/arm-none-eabi/10.3.1/../../../../arm-none-eabi/lib/thumb/v7e-m/nofp/librdimon.a
END GROUP
LOAD /opt/gcc-arm/bin/../lib/gcc/arm-none-eabi/10.3.1/thumb/v7e-m/nofp/crtend.o
LOAD /opt/gcc-arm/bin/../lib/gcc/arm-none-eabi/10.3.1/thumb/v7e-m/nofp/crtn.o
                0x0000000020018000                _estack = 0x20018000
                0x0000000000000400                _Min_Heap_Size = 0x400
                0x0000000000000200                _Min_Stack_Size = 0x200

.isr_vector     0x0000000008000000      0x188
                0x0000000008000000                . = ALIGN (0x4)
 *(.isr_vector)
 .isr_vector    0x0000000008000000      0x188 stm32_startup.o
                0x0000000008000000                vectors
                0x0000000008000188                . = ALIGN (0x4)

.text           0x00000000080001c0     0x33f4
                0x00000000080001c0                . = ALIGN (0x4)
 *(.text)
 .text          0x00000000080001c0        0x0 /opt/gcc-arm/bin/../lib/gcc/arm-none-eabi/10.3.1/thumb/v7e-m/nofp/crti.o
 .text          0x00000000080001c0       0x40 /opt/gcc-arm/bin/../lib/gcc/arm-none-eabi/10.3.1/thumb/v7e-m/nofp/crtbegin.o
 .text          0x0000000008000200       0xf8 /opt/gcc-arm/bin/../lib/gcc/arm-none-eabi/10.3.1/../../../../arm-none-eabi/lib/thumb/v7e-m/nofp/rdimon-crt0.o
                0x0000000008000200                _stack_init
                0x000000000800020c                _mainCRTStartup
                0x000000000800020c                _start
 .text          0x00000000080002f8       0x4a main.o
                0x00000000080002f8                main
 *fill*         0x0000000008000342        0x2 
 .text          0x0000000008000344      0x168 gpio.o
                0x0000000008000344                gpio_i2c2_init
                0x0000000008000398                gpio_i2c2_bus_poll
                0x00000000080003bc                gpio_button_init
                0x00000000080003f4                gpio_button_poll
                0x000000000800041c                gpio_led_init
                0x0000000008000458                gpio_led_on
                0x0000000008000474                gpio_led_off
                0x0000000008000490                gpio_led_toggle
 .text          0x00000000080004ac       0xd8 clock.o
                0x00000000080004ac                sysclk_init
                0x00000000080004f0                hsi_init
                0x0000000008000520                peripheral_clk_init
 .text          0x0000000008000584      0x260 i2c.o
                0x0000000008000584                i2c2_init
                0x00000000080005fc                i2c2_target_init
                0x0000000008000710                i2c2_write_read
                0x000000000800075c                i2c2_check_bus
 .text          0x00000000080007e4       0x54 nvic.o
                0x00000000080007e4                nvic_enable
                0x0000000008000800                nvic_disable
                0x000000000800081c                nvic_priority
 .text          0x0000000008000838       0x98 exti.o
                0x0000000008000838                exti_init
                0x0000000008000874                exti_enable
                0x0000000008000890                exti_disable
                0x00000000080008ac                EXTI15_10_IRQHandler
 .text          0x00000000080008d0       0xd4 systick.o
                0x00000000080008d0                systick_init
                0x0000000008000928                systick_enable
                0x0000000008000944                systick_disable
                0x0000000008000960                SysTick_Handler
                0x0000000008000980                clock_init
                0x0000000008000990                get_time
 .text          0x00000000080009a4       0x98 stm32_startup.o
                0x00000000080009a4                RTC_Alarm_IRQHandler
                0x00000000080009a4                EXTI2_IRQHandler
                0x00000000080009a4                TIM8_TRG_COM_IRQHandler
                0x00000000080009a4                TIM8_CC_IRQHandler
                0x00000000080009a4                DebugMon_Handler
                0x00000000080009a4                TIM1_CC_IRQHandler
                0x00000000080009a4                TSC_IRQHandler
                0x00000000080009a4                DMA2_Stream5_IRQHandler
                0x00000000080009a4                HardFault_Handler
                0x00000000080009a4                DMA1_Stream5_IRQHandler
                0x00000000080009a4                PVD_IRQHandler
                0x00000000080009a4                TAMP_STAMP_IRQHandler
                0x00000000080009a4                PendSV_Handler
                0x00000000080009a4                NMI_Handler
                0x00000000080009a4                EXTI3_IRQHandler
                0x00000000080009a4                LPTIM2_IRQHandler
                0x00000000080009a4                DFSDM1_FLT1_IRQHandler
                0x00000000080009a4                DFSDM1_FLT2_IRQHandler
                0x00000000080009a4                TIM6_DACUNDER_IRQHandler
                0x00000000080009a4                EXTI0_IRQHandler
                0x00000000080009a4                I2C2_EV_IRQHandler
                0x00000000080009a4                DMA1_Stream2_IRQHandler
                0x00000000080009a4                CAN1_RX0_IRQHandler
                0x00000000080009a4                FPU_IRQHandler
                0x00000000080009a4                TIM1_UP_TIM16_IRQHandler
                0x00000000080009a4                UsageFault_Handler
                0x00000000080009a4                ADC1_2_IRQHandler
                0x00000000080009a4                DMA2_Stream2_IRQHandler
                0x00000000080009a4                SPI1_IRQHandler
                0x00000000080009a4                TIM8_UP_IRQHandler
                0x00000000080009a4                DMA2_Stream3_IRQHandler
                0x00000000080009a4                SAI2_IRQHandler
                0x00000000080009a4                DFSDM1_FLT3_IRQHandler
                0x00000000080009a4                USART3_IRQHandler
                0x00000000080009a4                CAN1_RX1_IRQHandler
                0x00000000080009a4                LCD_IRQHandler
                0x00000000080009a4                UART5_IRQHandler
                0x00000000080009a4                ADC3_IRQHandler
                0x00000000080009a4                DMA2_Stream0_IRQHandler
                0x00000000080009a4                TIM4_IRQHandler
                0x00000000080009a4                QUADSPI_IRQHandler
                0x00000000080009a4                I2C1_EV_IRQHandler
                0x00000000080009a4                DMA1_Stream6_IRQHandler
                0x00000000080009a4                DMA1_Stream1_IRQHandler
                0x00000000080009a4                UART4_IRQHandler
                0x00000000080009a4                TIM3_IRQHandler
                0x00000000080009a4                RCC_IRQHandler
                0x00000000080009a4                Default_Handler
                0x00000000080009a4                DMA1_Stream7_IRQHandler
                0x00000000080009a4                TIM7_IRQHandler
                0x00000000080009a4                SDMMC1_IRQHandler
                0x00000000080009a4                TIM5_IRQHandler
                0x00000000080009a4                I2C3_EV_IRQHandler
                0x00000000080009a4                EXTI9_5_IRQHandler
                0x00000000080009a4                RTC_WKUP_IRQHandler
                0x00000000080009a4                SPI2_IRQHandler
                0x00000000080009a4                MemManage_Handler
                0x00000000080009a4                DMA1_Stream0_IRQHandler
                0x00000000080009a4                CAN1_TX_IRQHandler
                0x00000000080009a4                SVC_Handler
                0x00000000080009a4                EXTI4_IRQHandler
                0x00000000080009a4                RNG_IRQHandler
                0x00000000080009a4                TIM1_TRG_COM_TIM17_IRQHandler
                0x00000000080009a4                COMP_IRQHandler
                0x00000000080009a4                WWDG_IRQHandler
                0x00000000080009a4                LPUART1_IRQHandler
                0x00000000080009a4                TIM2_IRQHandler
                0x00000000080009a4                EXTI1_IRQHandler
                0x00000000080009a4                USART2_IRQHandler
                0x00000000080009a4                DFSDM1_FLT0_IRQHandler
                0x00000000080009a4                I2C2_ER_IRQHandler
                0x00000000080009a4                DMA2_Stream1_IRQHandler
                0x00000000080009a4                TIM8_BRK_IRQHandler
                0x00000000080009a4                CAN1_SCE_IRQHandler
                0x00000000080009a4                FLASH_IRQHandler
                0x00000000080009a4                DMA2_Stream4_IRQHandler
                0x00000000080009a4                BusFault_Handler
                0x00000000080009a4                USART1_IRQHandler
                0x00000000080009a4                OTG_FS_IRQHandler
                0x00000000080009a4                SPI3_IRQHandler
                0x00000000080009a4                DMA1_Stream4_IRQHandler
                0x00000000080009a4                I2C1_ER_IRQHandler
                0x00000000080009a4                FMC_IRQHandler
                0x00000000080009a4                SWPMI1_IRQHandler
                0x00000000080009a4                LPTIM1_IRQHandler
                0x00000000080009a4                DMA2_Stream6_IRQHandler
                0x00000000080009a4                SAI1_IRQHandler
                0x00000000080009a4                DMA1_Stream3_IRQHandler
                0x00000000080009a4                TIM1_BRK_TIM15_IRQHandler
                0x00000000080009aa                Reset_Handler
 .text          0x0000000008000a3c        0x0 /opt/gcc-arm/bin/../lib/gcc/arm-none-eabi/10.3.1/../../../../arm-none-eabi/lib/thumb/v7e-m/nofp/libc.a(lib_a-exit.o)
 .text          0x0000000008000a3c        0x0 /opt/gcc-arm/bin/../lib/gcc/arm-none-eabi/10.3.1/../../../../arm-none-eabi/lib/thumb/v7e-m/nofp/libc.a(lib_a-impure.o)
 .text          0x0000000008000a3c        0x0 /opt/gcc-arm/bin/../lib/gcc/arm-none-eabi/10.3.1/../../../../arm-none-eabi/lib/thumb/v7e-m/nofp/libc.a(lib_a-init.o)
 .text          0x0000000008000a3c        0x0 /opt/gcc-arm/bin/../lib/gcc/arm-none-eabi/10.3.1/../../../../arm-none-eabi/lib/thumb/v7e-m/nofp/libc.a(lib_a-memset.o)
 .text          0x0000000008000a3c        0x0 /opt/gcc-arm/bin/../lib/gcc/arm-none-eabi/10.3.1/../../../../arm-none-eabi/lib/thumb/v7e-m/nofp/libc.a(lib_a-puts.o)
 *fill*         0x0000000008000a3c        0x4 
 .text          0x0000000008000a40       0xdc /opt/gcc-arm/bin/../lib/gcc/arm-none-eabi/10.3.1/../../../../arm-none-eabi/lib/thumb/v7e-m/nofp/libc.a(lib_a-strlen.o)
                0x0000000008000a40                strlen
 .text          0x0000000008000b1c        0x0 /opt/gcc-arm/bin/../lib/gcc/arm-none-eabi/10.3.1/../../../../arm-none-eabi/lib/thumb/v7e-m/nofp/libc.a(lib_a-__call_atexit.o)
 .text          0x0000000008000b1c        0x0 /opt/gcc-arm/bin/../lib/gcc/arm-none-eabi/10.3.1/../../../../arm-none-eabi/lib/thumb/v7e-m/nofp/libc.a(lib_a-atexit.o)
 .text          0x0000000008000b1c        0x0 /opt/gcc-arm/bin/../lib/gcc/arm-none-eabi/10.3.1/../../../../arm-none-eabi/lib/thumb/v7e-m/nofp/libc.a(lib_a-findfp.o)
 .text          0x0000000008000b1c        0x0 /opt/gcc-arm/bin/../lib/gcc/arm-none-eabi/10.3.1/../../../../arm-none-eabi/lib/thumb/v7e-m/nofp/libc.a(lib_a-fini.o)
 .text          0x0000000008000b1c        0x0 /opt/gcc-arm/bin/../lib/gcc/arm-none-eabi/10.3.1/../../../../arm-none-eabi/lib/thumb/v7e-m/nofp/libc.a(lib_a-fvwrite.o)
 .text          0x0000000008000b1c        0x0 /opt/gcc-arm/bin/../lib/gcc/arm-none-eabi/10.3.1/../../../../arm-none-eabi/lib/thumb/v7e-m/nofp/libc.a(lib_a-fwalk.o)
 .text          0x0000000008000b1c        0x0 /opt/gcc-arm/bin/../lib/gcc/arm-none-eabi/10.3.1/../../../../arm-none-eabi/lib/thumb/v7e-m/nofp/libc.a(lib_a-lock.o)
 .text          0x0000000008000b1c        0x0 /opt/gcc-arm/bin/../lib/gcc/arm-none-eabi/10.3.1/../../../../arm-none-eabi/lib/thumb/v7e-m/nofp/libc.a(lib_a-mallocr.o)
 *fill*         0x0000000008000b1c        0x4 
 .text          0x0000000008000b20       0xa0 /opt/gcc-arm/bin/../lib/gcc/arm-none-eabi/10.3.1/../../../../arm-none-eabi/lib/thumb/v7e-m/nofp/libc.a(lib_a-memchr.o)
                0x0000000008000b20                memchr
 .text          0x0000000008000bc0      0x134 /opt/gcc-arm/bin/../lib/gcc/arm-none-eabi/10.3.1/../../../../arm-none-eabi/lib/thumb/v7e-m/nofp/libc.a(lib_a-memcpy.o)
                0x0000000008000bc0                memcpy
 .text          0x0000000008000cf4        0x0 /opt/gcc-arm/bin/../lib/gcc/arm-none-eabi/10.3.1/../../../../arm-none-eabi/lib/thumb/v7e-m/nofp/libc.a(lib_a-memmove.o)
 .text          0x0000000008000cf4        0x0 /opt/gcc-arm/bin/../lib/gcc/arm-none-eabi/10.3.1/../../../../arm-none-eabi/lib/thumb/v7e-m/nofp/libc.a(lib_a-mlock.o)
 .text          0x0000000008000cf4        0x0 /opt/gcc-arm/bin/../lib/gcc/arm-none-eabi/10.3.1/../../../../arm-none-eabi/lib/thumb/v7e-m/nofp/libc.a(lib_a-reallocr.o)
 .text          0x0000000008000cf4        0x0 /opt/gcc-arm/bin/../lib/gcc/arm-none-eabi/10.3.1/../../../../arm-none-eabi/lib/thumb/v7e-m/nofp/libc.a(lib_a-sbrkr.o)
 .text          0x0000000008000cf4        0x0 /opt/gcc-arm/bin/../lib/gcc/arm-none-eabi/10.3.1/../../../../arm-none-eabi/lib/thumb/v7e-m/nofp/libc.a(lib_a-stdio.o)
 .text          0x0000000008000cf4        0x0 /opt/gcc-arm/bin/../lib/gcc/arm-none-eabi/10.3.1/../../../../arm-none-eabi/lib/thumb/v7e-m/nofp/libc.a(lib_a-writer.o)
 .text          0x0000000008000cf4        0x0 /opt/gcc-arm/bin/../lib/gcc/arm-none-eabi/10.3.1/../../../../arm-none-eabi/lib/thumb/v7e-m/nofp/libc.a(lib_a-wsetup.o)
 .text          0x0000000008000cf4        0x0 /opt/gcc-arm/bin/../lib/gcc/arm-none-eabi/10.3.1/../../../../arm-none-eabi/lib/thumb/v7e-m/nofp/libc.a(lib_a-__atexit.o)
 .text          0x0000000008000cf4        0x0 /opt/gcc-arm/bin/../lib/gcc/arm-none-eabi/10.3.1/../../../../arm-none-eabi/lib/thumb/v7e-m/nofp/libc.a(lib_a-closer.o)
 .text          0x0000000008000cf4        0x0 /opt/gcc-arm/bin/../lib/gcc/arm-none-eabi/10.3.1/../../../../arm-none-eabi/lib/thumb/v7e-m/nofp/libc.a(lib_a-fclose.o)
 .text          0x0000000008000cf4        0x0 /opt/gcc-arm/bin/../lib/gcc/arm-none-eabi/10.3.1/../../../../arm-none-eabi/lib/thumb/v7e-m/nofp/libc.a(lib_a-fflush.o)
 .text          0x0000000008000cf4        0x0 /opt/gcc-arm/bin/../lib/gcc/arm-none-eabi/10.3.1/../../../../arm-none-eabi/lib/thumb/v7e-m/nofp/libc.a(lib_a-freer.o)
 .text          0x0000000008000cf4        0x0 /opt/gcc-arm/bin/../lib/gcc/arm-none-eabi/10.3.1/../../../../arm-none-eabi/lib/thumb/v7e-m/nofp/libc.a(lib_a-lseekr.o)
 .text          0x0000000008000cf4        0x0 /opt/gcc-arm/bin/../lib/gcc/arm-none-eabi/10.3.1/../../../../arm-none-eabi/lib/thumb/v7e-m/nofp/libc.a(lib_a-makebuf.o)
 .text          0x0000000008000cf4        0x0 /opt/gcc-arm/bin/../lib/gcc/arm-none-eabi/10.3.1/../../../../arm-none-eabi/lib/thumb/v7e-m/nofp/libc.a(lib_a-readr.o)
 .text          0x0000000008000cf4        0x0 /opt/gcc-arm/bin/../lib/gcc/arm-none-eabi/10.3.1/../../../../arm-none-eabi/lib/thumb/v7e-m/nofp/libc.a(lib_a-reent.o)
 .text          0x0000000008000cf4        0x0 /opt/gcc-arm/bin/../lib/gcc/arm-none-eabi/10.3.1/../../../../arm-none-eabi/lib/thumb/v7e-m/nofp/libc.a(lib_a-fstatr.o)
 .text          0x0000000008000cf4        0x0 /opt/gcc-arm/bin/../lib/gcc/arm-none-eabi/10.3.1/../../../../arm-none-eabi/lib/thumb/v7e-m/nofp/libc.a(lib_a-isattyr.o)
 .text          0x0000000008000cf4        0x0 /opt/gcc-arm/bin/../lib/gcc/arm-none-eabi/10.3.1/../../../../arm-none-eabi/lib/thumb/v7e-m/nofp/librdimon.a(rdimon-syscalls.o)
 .text          0x0000000008000cf4        0x0 /opt/gcc-arm/bin/../lib/gcc/arm-none-eabi/10.3.1/../../../../arm-none-eabi/lib/thumb/v7e-m/nofp/librdimon.a(rdimon-_exit.o)
 .text          0x0000000008000cf4        0x0 /opt/gcc-arm/bin/../lib/gcc/arm-none-eabi/10.3.1/../../../../arm-none-eabi/lib/thumb/v7e-m/nofp/librdimon.a(rdimon-_kill.o)
 .text          0x0000000008000cf4        0x0 /opt/gcc-arm/bin/../lib/gcc/arm-none-eabi/10.3.1/../../../../arm-none-eabi/lib/thumb/v7e-m/nofp/libc.a(lib_a-errno.o)
 .text          0x0000000008000cf4        0x0 /opt/gcc-arm/bin/../lib/gcc/arm-none-eabi/10.3.1/thumb/v7e-m/nofp/crtend.o
 .text          0x0000000008000cf4        0x0 /opt/gcc-arm/bin/../lib/gcc/arm-none-eabi/10.3.1/thumb/v7e-m/nofp/crtn.o
 *(.text*)
 .text.exit     0x0000000008000cf4       0x20 /opt/gcc-arm/bin/../lib/gcc/arm-none-eabi/10.3.1/../../../../arm-none-eabi/lib/thumb/v7e-m/nofp/libc.a(lib_a-exit.o)
                0x0000000008000cf4                exit
 .text.__libc_init_array
                0x0000000008000d14       0x48 /opt/gcc-arm/bin/../lib/gcc/arm-none-eabi/10.3.1/../../../../arm-none-eabi/lib/thumb/v7e-m/nofp/libc.a(lib_a-init.o)
                0x0000000008000d14                __libc_init_array
 .text.memset   0x0000000008000d5c       0xa4 /opt/gcc-arm/bin/../lib/gcc/arm-none-eabi/10.3.1/../../../../arm-none-eabi/lib/thumb/v7e-m/nofp/libc.a(lib_a-memset.o)
                0x0000000008000d5c                memset
 .text._puts_r  0x0000000008000e00       0x9c /opt/gcc-arm/bin/../lib/gcc/arm-none-eabi/10.3.1/../../../../arm-none-eabi/lib/thumb/v7e-m/nofp/libc.a(lib_a-puts.o)
                0x0000000008000e00                _puts_r
 .text.puts     0x0000000008000e9c       0x10 /opt/gcc-arm/bin/../lib/gcc/arm-none-eabi/10.3.1/../../../../arm-none-eabi/lib/thumb/v7e-m/nofp/libc.a(lib_a-puts.o)
                0x0000000008000e9c                puts
 .text.startup.register_fini
                0x0000000008000eac       0x14 /opt/gcc-arm/bin/../lib/gcc/arm-none-eabi/10.3.1/../../../../arm-none-eabi/lib/thumb/v7e-m/nofp/libc.a(lib_a-__call_atexit.o)
 .text.__call_exitprocs
                0x0000000008000ec0       0xc4 /opt/gcc-arm/bin/../lib/gcc/arm-none-eabi/10.3.1/../../../../arm-none-eabi/lib/thumb/v7e-m/nofp/libc.a(lib_a-__call_atexit.o)
                0x0000000008000ec0                __call_exitprocs
 .text.atexit   0x0000000008000f84        0xc /opt/gcc-arm/bin/../lib/gcc/arm-none-eabi/10.3.1/../../../../arm-none-eabi/lib/thumb/v7e-m/nofp/libc.a(lib_a-atexit.o)
                0x0000000008000f84                atexit
 .text._cleanup_r
                0x0000000008000f90        0xc /opt/gcc-arm/bin/../lib/gcc/arm-none-eabi/10.3.1/../../../../arm-none-eabi/lib/thumb/v7e-m/nofp/libc.a(lib_a-findfp.o)
                0x0000000008000f90                _cleanup_r
 .text.__fp_lock
                0x0000000008000f9c       0x1c /opt/gcc-arm/bin/../lib/gcc/arm-none-eabi/10.3.1/../../../../arm-none-eabi/lib/thumb/v7e-m/nofp/libc.a(lib_a-findfp.o)
 .text.__fp_unlock
                0x0000000008000fb8       0x1c /opt/gcc-arm/bin/../lib/gcc/arm-none-eabi/10.3.1/../../../../arm-none-eabi/lib/thumb/v7e-m/nofp/libc.a(lib_a-findfp.o)
 .text.__sfmoreglue
                0x0000000008000fd4       0x30 /opt/gcc-arm/bin/../lib/gcc/arm-none-eabi/10.3.1/../../../../arm-none-eabi/lib/thumb/v7e-m/nofp/libc.a(lib_a-findfp.o)
                0x0000000008000fd4                __sfmoreglue
 .text._cleanup
                0x0000000008001004       0x14 /opt/gcc-arm/bin/../lib/gcc/arm-none-eabi/10.3.1/../../../../arm-none-eabi/lib/thumb/v7e-m/nofp/libc.a(lib_a-findfp.o)
                0x0000000008001004                _cleanup
 .text.__sinit  0x0000000008001018      0x10c /opt/gcc-arm/bin/../lib/gcc/arm-none-eabi/10.3.1/../../../../arm-none-eabi/lib/thumb/v7e-m/nofp/libc.a(lib_a-findfp.o)
                0x0000000008001018                __sinit
 .text.__sfp    0x0000000008001124       0xc8 /opt/gcc-arm/bin/../lib/gcc/arm-none-eabi/10.3.1/../../../../arm-none-eabi/lib/thumb/v7e-m/nofp/libc.a(lib_a-findfp.o)
                0x0000000008001124                __sfp
 .text.__sfp_lock_acquire
                0x00000000080011ec        0xc /opt/gcc-arm/bin/../lib/gcc/arm-none-eabi/10.3.1/../../../../arm-none-eabi/lib/thumb/v7e-m/nofp/libc.a(lib_a-findfp.o)
                0x00000000080011ec                __sfp_lock_acquire
 .text.__sfp_lock_release
                0x00000000080011f8        0xc /opt/gcc-arm/bin/../lib/gcc/arm-none-eabi/10.3.1/../../../../arm-none-eabi/lib/thumb/v7e-m/nofp/libc.a(lib_a-findfp.o)
                0x00000000080011f8                __sfp_lock_release
 .text.__sinit_lock_acquire
                0x0000000008001204        0xc /opt/gcc-arm/bin/../lib/gcc/arm-none-eabi/10.3.1/../../../../arm-none-eabi/lib/thumb/v7e-m/nofp/libc.a(lib_a-findfp.o)
                0x0000000008001204                __sinit_lock_acquire
 .text.__sinit_lock_release
                0x0000000008001210        0xc /opt/gcc-arm/bin/../lib/gcc/arm-none-eabi/10.3.1/../../../../arm-none-eabi/lib/thumb/v7e-m/nofp/libc.a(lib_a-findfp.o)
                0x0000000008001210                __sinit_lock_release
 .text.__fp_lock_all
                0x000000000800121c       0x24 /opt/gcc-arm/bin/../lib/gcc/arm-none-eabi/10.3.1/../../../../arm-none-eabi/lib/thumb/v7e-m/nofp/libc.a(lib_a-findfp.o)
                0x000000000800121c                __fp_lock_all
 .text.__fp_unlock_all
                0x0000000008001240       0x24 /opt/gcc-arm/bin/../lib/gcc/arm-none-eabi/10.3.1/../../../../arm-none-eabi/lib/thumb/v7e-m/nofp/libc.a(lib_a-findfp.o)
                0x0000000008001240                __fp_unlock_all
 .text.__libc_fini_array
                0x0000000008001264       0x2c /opt/gcc-arm/bin/../lib/gcc/arm-none-eabi/10.3.1/../../../../arm-none-eabi/lib/thumb/v7e-m/nofp/libc.a(lib_a-fini.o)
                0x0000000008001264                __libc_fini_array
 .text.__sfvwrite_r
                0x0000000008001290      0x2e8 /opt/gcc-arm/bin/../lib/gcc/arm-none-eabi/10.3.1/../../../../arm-none-eabi/lib/thumb/v7e-m/nofp/libc.a(lib_a-fvwrite.o)
                0x0000000008001290                __sfvwrite_r
 .text._fwalk   0x0000000008001578       0x40 /opt/gcc-arm/bin/../lib/gcc/arm-none-eabi/10.3.1/../../../../arm-none-eabi/lib/thumb/v7e-m/nofp/libc.a(lib_a-fwalk.o)
                0x0000000008001578                _fwalk
 .text._fwalk_reent
                0x00000000080015b8       0x48 /opt/gcc-arm/bin/../lib/gcc/arm-none-eabi/10.3.1/../../../../arm-none-eabi/lib/thumb/v7e-m/nofp/libc.a(lib_a-fwalk.o)
                0x00000000080015b8                _fwalk_reent
 .text.__retarget_lock_init
                0x0000000008001600        0x4 /opt/gcc-arm/bin/../lib/gcc/arm-none-eabi/10.3.1/../../../../arm-none-eabi/lib/thumb/v7e-m/nofp/libc.a(lib_a-lock.o)
                0x0000000008001600                __retarget_lock_init
 .text.__retarget_lock_init_recursive
                0x0000000008001604        0x4 /opt/gcc-arm/bin/../lib/gcc/arm-none-eabi/10.3.1/../../../../arm-none-eabi/lib/thumb/v7e-m/nofp/libc.a(lib_a-lock.o)
                0x0000000008001604                __retarget_lock_init_recursive
 .text.__retarget_lock_close
                0x0000000008001608        0x4 /opt/gcc-arm/bin/../lib/gcc/arm-none-eabi/10.3.1/../../../../arm-none-eabi/lib/thumb/v7e-m/nofp/libc.a(lib_a-lock.o)
                0x0000000008001608                __retarget_lock_close
 .text.__retarget_lock_close_recursive
                0x000000000800160c        0x4 /opt/gcc-arm/bin/../lib/gcc/arm-none-eabi/10.3.1/../../../../arm-none-eabi/lib/thumb/v7e-m/nofp/libc.a(lib_a-lock.o)
                0x000000000800160c                __retarget_lock_close_recursive
 .text.__retarget_lock_acquire
                0x0000000008001610        0x4 /opt/gcc-arm/bin/../lib/gcc/arm-none-eabi/10.3.1/../../../../arm-none-eabi/lib/thumb/v7e-m/nofp/libc.a(lib_a-lock.o)
                0x0000000008001610                __retarget_lock_acquire
 .text.__retarget_lock_acquire_recursive
                0x0000000008001614        0x4 /opt/gcc-arm/bin/../lib/gcc/arm-none-eabi/10.3.1/../../../../arm-none-eabi/lib/thumb/v7e-m/nofp/libc.a(lib_a-lock.o)
                0x0000000008001614                __retarget_lock_acquire_recursive
 .text.__retarget_lock_try_acquire
                0x0000000008001618        0x4 /opt/gcc-arm/bin/../lib/gcc/arm-none-eabi/10.3.1/../../../../arm-none-eabi/lib/thumb/v7e-m/nofp/libc.a(lib_a-lock.o)
                0x0000000008001618                __retarget_lock_try_acquire
 .text.__retarget_lock_try_acquire_recursive
                0x000000000800161c        0x4 /opt/gcc-arm/bin/../lib/gcc/arm-none-eabi/10.3.1/../../../../arm-none-eabi/lib/thumb/v7e-m/nofp/libc.a(lib_a-lock.o)
                0x000000000800161c                __retarget_lock_try_acquire_recursive
 .text.__retarget_lock_release
                0x0000000008001620        0x4 /opt/gcc-arm/bin/../lib/gcc/arm-none-eabi/10.3.1/../../../../arm-none-eabi/lib/thumb/v7e-m/nofp/libc.a(lib_a-lock.o)
                0x0000000008001620                __retarget_lock_release
 .text.__retarget_lock_release_recursive
                0x0000000008001624        0x4 /opt/gcc-arm/bin/../lib/gcc/arm-none-eabi/10.3.1/../../../../arm-none-eabi/lib/thumb/v7e-m/nofp/libc.a(lib_a-lock.o)
                0x0000000008001624                __retarget_lock_release_recursive
 .text._malloc_r
                0x0000000008001628      0x560 /opt/gcc-arm/bin/../lib/gcc/arm-none-eabi/10.3.1/../../../../arm-none-eabi/lib/thumb/v7e-m/nofp/libc.a(lib_a-mallocr.o)
                0x0000000008001628                _malloc_r
 .text.memmove  0x0000000008001b88       0xf8 /opt/gcc-arm/bin/../lib/gcc/arm-none-eabi/10.3.1/../../../../arm-none-eabi/lib/thumb/v7e-m/nofp/libc.a(lib_a-memmove.o)
                0x0000000008001b88                memmove
 .text.__malloc_lock
                0x0000000008001c80        0xc /opt/gcc-arm/bin/../lib/gcc/arm-none-eabi/10.3.1/../../../../arm-none-eabi/lib/thumb/v7e-m/nofp/libc.a(lib_a-mlock.o)
                0x0000000008001c80                __malloc_lock
 .text.__malloc_unlock
                0x0000000008001c8c        0xc /opt/gcc-arm/bin/../lib/gcc/arm-none-eabi/10.3.1/../../../../arm-none-eabi/lib/thumb/v7e-m/nofp/libc.a(lib_a-mlock.o)
                0x0000000008001c8c                __malloc_unlock
 .text._realloc_r
                0x0000000008001c98      0x3d8 /opt/gcc-arm/bin/../lib/gcc/arm-none-eabi/10.3.1/../../../../arm-none-eabi/lib/thumb/v7e-m/nofp/libc.a(lib_a-reallocr.o)
                0x0000000008001c98                _realloc_r
 .text._sbrk_r  0x0000000008002070       0x24 /opt/gcc-arm/bin/../lib/gcc/arm-none-eabi/10.3.1/../../../../arm-none-eabi/lib/thumb/v7e-m/nofp/libc.a(lib_a-sbrkr.o)
                0x0000000008002070                _sbrk_r
 .text.__sread  0x0000000008002094       0x24 /opt/gcc-arm/bin/../lib/gcc/arm-none-eabi/10.3.1/../../../../arm-none-eabi/lib/thumb/v7e-m/nofp/libc.a(lib_a-stdio.o)
                0x0000000008002094                __sread
 .text.__seofread
                0x00000000080020b8        0x4 /opt/gcc-arm/bin/../lib/gcc/arm-none-eabi/10.3.1/../../../../arm-none-eabi/lib/thumb/v7e-m/nofp/libc.a(lib_a-stdio.o)
                0x00000000080020b8                __seofread
 .text.__swrite
                0x00000000080020bc       0x40 /opt/gcc-arm/bin/../lib/gcc/arm-none-eabi/10.3.1/../../../../arm-none-eabi/lib/thumb/v7e-m/nofp/libc.a(lib_a-stdio.o)
                0x00000000080020bc                __swrite
 .text.__sseek  0x00000000080020fc       0x20 /opt/gcc-arm/bin/../lib/gcc/arm-none-eabi/10.3.1/../../../../arm-none-eabi/lib/thumb/v7e-m/nofp/libc.a(lib_a-stdio.o)
                0x00000000080020fc                __sseek
 .text.__sclose
                0x000000000800211c        0x8 /opt/gcc-arm/bin/../lib/gcc/arm-none-eabi/10.3.1/../../../../arm-none-eabi/lib/thumb/v7e-m/nofp/libc.a(lib_a-stdio.o)
                0x000000000800211c                __sclose
 .text._write_r
                0x0000000008002124       0x2c /opt/gcc-arm/bin/../lib/gcc/arm-none-eabi/10.3.1/../../../../arm-none-eabi/lib/thumb/v7e-m/nofp/libc.a(lib_a-writer.o)
                0x0000000008002124                _write_r
 .text.__swsetup_r
                0x0000000008002150       0xd4 /opt/gcc-arm/bin/../lib/gcc/arm-none-eabi/10.3.1/../../../../arm-none-eabi/lib/thumb/v7e-m/nofp/libc.a(lib_a-wsetup.o)
                0x0000000008002150                __swsetup_r
 .text.__register_exitproc
                0x0000000008002224       0x8c /opt/gcc-arm/bin/../lib/gcc/arm-none-eabi/10.3.1/../../../../arm-none-eabi/lib/thumb/v7e-m/nofp/libc.a(lib_a-__atexit.o)
                0x0000000008002224                __register_exitproc
 .text._close_r
                0x00000000080022b0       0x24 /opt/gcc-arm/bin/../lib/gcc/arm-none-eabi/10.3.1/../../../../arm-none-eabi/lib/thumb/v7e-m/nofp/libc.a(lib_a-closer.o)
                0x00000000080022b0                _close_r
 .text._fclose_r
                0x00000000080022d4       0xcc /opt/gcc-arm/bin/../lib/gcc/arm-none-eabi/10.3.1/../../../../arm-none-eabi/lib/thumb/v7e-m/nofp/libc.a(lib_a-fclose.o)
                0x00000000080022d4                _fclose_r
 .text.fclose   0x00000000080023a0       0x10 /opt/gcc-arm/bin/../lib/gcc/arm-none-eabi/10.3.1/../../../../arm-none-eabi/lib/thumb/v7e-m/nofp/libc.a(lib_a-fclose.o)
                0x00000000080023a0                fclose
 .text.__sflush_r
                0x00000000080023b0      0x120 /opt/gcc-arm/bin/../lib/gcc/arm-none-eabi/10.3.1/../../../../arm-none-eabi/lib/thumb/v7e-m/nofp/libc.a(lib_a-fflush.o)
                0x00000000080023b0                __sflush_r
 .text._fflush_r
                0x00000000080024d0       0x5c /opt/gcc-arm/bin/../lib/gcc/arm-none-eabi/10.3.1/../../../../arm-none-eabi/lib/thumb/v7e-m/nofp/libc.a(lib_a-fflush.o)
                0x00000000080024d0                _fflush_r
 .text.fflush   0x000000000800252c       0x74 /opt/gcc-arm/bin/../lib/gcc/arm-none-eabi/10.3.1/../../../../arm-none-eabi/lib/thumb/v7e-m/nofp/libc.a(lib_a-fflush.o)
                0x000000000800252c                fflush
 .text._malloc_trim_r
                0x00000000080025a0       0xa0 /opt/gcc-arm/bin/../lib/gcc/arm-none-eabi/10.3.1/../../../../arm-none-eabi/lib/thumb/v7e-m/nofp/libc.a(lib_a-freer.o)
                0x00000000080025a0                _malloc_trim_r
 .text._free_r  0x0000000008002640      0x20c /opt/gcc-arm/bin/../lib/gcc/arm-none-eabi/10.3.1/../../../../arm-none-eabi/lib/thumb/v7e-m/nofp/libc.a(lib_a-freer.o)
                0x0000000008002640                _free_r
 .text._lseek_r
                0x000000000800284c       0x2c /opt/gcc-arm/bin/../lib/gcc/arm-none-eabi/10.3.1/../../../../arm-none-eabi/lib/thumb/v7e-m/nofp/libc.a(lib_a-lseekr.o)
                0x000000000800284c                _lseek_r
 .text.__smakebuf_r
                0x0000000008002878       0xe0 /opt/gcc-arm/bin/../lib/gcc/arm-none-eabi/10.3.1/../../../../arm-none-eabi/lib/thumb/v7e-m/nofp/libc.a(lib_a-makebuf.o)
                0x0000000008002878                __smakebuf_r
 .text.__swhatbuf_r
                0x0000000008002958       0x60 /opt/gcc-arm/bin/../lib/gcc/arm-none-eabi/10.3.1/../../../../arm-none-eabi/lib/thumb/v7e-m/nofp/libc.a(lib_a-makebuf.o)
                0x0000000008002958                __swhatbuf_r
 .text._read_r  0x00000000080029b8       0x2c /opt/gcc-arm/bin/../lib/gcc/arm-none-eabi/10.3.1/../../../../arm-none-eabi/lib/thumb/v7e-m/nofp/libc.a(lib_a-readr.o)
                0x00000000080029b8                _read_r
 .text.cleanup_glue
                0x00000000080029e4       0x48 /opt/gcc-arm/bin/../lib/gcc/arm-none-eabi/10.3.1/../../../../arm-none-eabi/lib/thumb/v7e-m/nofp/libc.a(lib_a-reent.o)
                0x00000000080029e4                cleanup_glue
 .text._reclaim_reent
                0x0000000008002a2c       0x90 /opt/gcc-arm/bin/../lib/gcc/arm-none-eabi/10.3.1/../../../../arm-none-eabi/lib/thumb/v7e-m/nofp/libc.a(lib_a-reent.o)
                0x0000000008002a2c                _reclaim_reent
 .text._fstat_r
                0x0000000008002abc       0x2c /opt/gcc-arm/bin/../lib/gcc/arm-none-eabi/10.3.1/../../../../arm-none-eabi/lib/thumb/v7e-m/nofp/libc.a(lib_a-fstatr.o)
                0x0000000008002abc                _fstat_r
 .text._isatty_r
                0x0000000008002ae8       0x24 /opt/gcc-arm/bin/../lib/gcc/arm-none-eabi/10.3.1/../../../../arm-none-eabi/lib/thumb/v7e-m/nofp/libc.a(lib_a-isattyr.o)
                0x0000000008002ae8                _isatty_r
 .text._swiread
                0x0000000008002b0c       0x3c /opt/gcc-arm/bin/../lib/gcc/arm-none-eabi/10.3.1/../../../../arm-none-eabi/lib/thumb/v7e-m/nofp/librdimon.a(rdimon-syscalls.o)
                0x0000000008002b0c                _swiread
 .text._read    0x0000000008002b48       0x90 /opt/gcc-arm/bin/../lib/gcc/arm-none-eabi/10.3.1/../../../../arm-none-eabi/lib/thumb/v7e-m/nofp/librdimon.a(rdimon-syscalls.o)
                0x0000000008002b48                _read
 .text._swilseek
                0x0000000008002bd8       0xe4 /opt/gcc-arm/bin/../lib/gcc/arm-none-eabi/10.3.1/../../../../arm-none-eabi/lib/thumb/v7e-m/nofp/librdimon.a(rdimon-syscalls.o)
                0x0000000008002bd8                _swilseek
 .text._lseek   0x0000000008002cbc        0x4 /opt/gcc-arm/bin/../lib/gcc/arm-none-eabi/10.3.1/../../../../arm-none-eabi/lib/thumb/v7e-m/nofp/librdimon.a(rdimon-syscalls.o)
                0x0000000008002cbc                _lseek
 .text._swiwrite
                0x0000000008002cc0       0x3c /opt/gcc-arm/bin/../lib/gcc/arm-none-eabi/10.3.1/../../../../arm-none-eabi/lib/thumb/v7e-m/nofp/librdimon.a(rdimon-syscalls.o)
                0x0000000008002cc0                _swiwrite
 .text._write   0x0000000008002cfc       0xbc /opt/gcc-arm/bin/../lib/gcc/arm-none-eabi/10.3.1/../../../../arm-none-eabi/lib/thumb/v7e-m/nofp/librdimon.a(rdimon-syscalls.o)
                0x0000000008002cfc                _write
 .text._swiclose
                0x0000000008002db8       0x38 /opt/gcc-arm/bin/../lib/gcc/arm-none-eabi/10.3.1/../../../../arm-none-eabi/lib/thumb/v7e-m/nofp/librdimon.a(rdimon-syscalls.o)
                0x0000000008002db8                _swiclose
 .text._close   0x0000000008002df0       0x98 /opt/gcc-arm/bin/../lib/gcc/arm-none-eabi/10.3.1/../../../../arm-none-eabi/lib/thumb/v7e-m/nofp/librdimon.a(rdimon-syscalls.o)
                0x0000000008002df0                _close
 .text._getpid  0x0000000008002e88        0x4 /opt/gcc-arm/bin/../lib/gcc/arm-none-eabi/10.3.1/../../../../arm-none-eabi/lib/thumb/v7e-m/nofp/librdimon.a(rdimon-syscalls.o)
                0x0000000008002e88                _getpid
 .text._sbrk    0x0000000008002e8c       0x48 /opt/gcc-arm/bin/../lib/gcc/arm-none-eabi/10.3.1/../../../../arm-none-eabi/lib/thumb/v7e-m/nofp/librdimon.a(rdimon-syscalls.o)
                0x0000000008002e8c                _sbrk
 .text._swistat
                0x0000000008002ed4       0x80 /opt/gcc-arm/bin/../lib/gcc/arm-none-eabi/10.3.1/../../../../arm-none-eabi/lib/thumb/v7e-m/nofp/librdimon.a(rdimon-syscalls.o)
                0x0000000008002ed4                _swistat
 .text._fstat   0x0000000008002f54       0x1c /opt/gcc-arm/bin/../lib/gcc/arm-none-eabi/10.3.1/../../../../arm-none-eabi/lib/thumb/v7e-m/nofp/librdimon.a(rdimon-syscalls.o)
                0x0000000008002f54                _fstat
 .text._stat    0x0000000008002f70       0x3c /opt/gcc-arm/bin/../lib/gcc/arm-none-eabi/10.3.1/../../../../arm-none-eabi/lib/thumb/v7e-m/nofp/librdimon.a(rdimon-syscalls.o)
                0x0000000008002f70                _stat
 .text._swiopen
                0x0000000008002fac       0xcc /opt/gcc-arm/bin/../lib/gcc/arm-none-eabi/10.3.1/../../../../arm-none-eabi/lib/thumb/v7e-m/nofp/librdimon.a(rdimon-syscalls.o)
                0x0000000008002fac                _swiopen
 .text._open    0x0000000008003078       0x14 /opt/gcc-arm/bin/../lib/gcc/arm-none-eabi/10.3.1/../../../../arm-none-eabi/lib/thumb/v7e-m/nofp/librdimon.a(rdimon-syscalls.o)
                0x0000000008003078                _open
 .text._get_semihosting_exts
                0x000000000800308c      0x110 /opt/gcc-arm/bin/../lib/gcc/arm-none-eabi/10.3.1/../../../../arm-none-eabi/lib/thumb/v7e-m/nofp/librdimon.a(rdimon-syscalls.o)
                0x000000000800308c                _get_semihosting_exts
 .text._has_ext_exit_extended
                0x000000000800319c       0x48 /opt/gcc-arm/bin/../lib/gcc/arm-none-eabi/10.3.1/../../../../arm-none-eabi/lib/thumb/v7e-m/nofp/librdimon.a(rdimon-syscalls.o)
                0x000000000800319c                _has_ext_exit_extended
 .text._has_ext_stdout_stderr
                0x00000000080031e4       0x48 /opt/gcc-arm/bin/../lib/gcc/arm-none-eabi/10.3.1/../../../../arm-none-eabi/lib/thumb/v7e-m/nofp/librdimon.a(rdimon-syscalls.o)
                0x00000000080031e4                _has_ext_stdout_stderr
 .text.initialise_monitor_handles
                0x000000000800322c      0x158 /opt/gcc-arm/bin/../lib/gcc/arm-none-eabi/10.3.1/../../../../arm-none-eabi/lib/thumb/v7e-m/nofp/librdimon.a(rdimon-syscalls.o)
                0x000000000800322c                initialise_monitor_handles
 .text._link    0x0000000008003384       0x10 /opt/gcc-arm/bin/../lib/gcc/arm-none-eabi/10.3.1/../../../../arm-none-eabi/lib/thumb/v7e-m/nofp/librdimon.a(rdimon-syscalls.o)
                0x0000000008003384                _link
 .text._unlink  0x0000000008003394       0x40 /opt/gcc-arm/bin/../lib/gcc/arm-none-eabi/10.3.1/../../../../arm-none-eabi/lib/thumb/v7e-m/nofp/librdimon.a(rdimon-syscalls.o)
                0x0000000008003394                _unlink
 .text._gettimeofday
                0x00000000080033d4       0x28 /opt/gcc-arm/bin/../lib/gcc/arm-none-eabi/10.3.1/../../../../arm-none-eabi/lib/thumb/v7e-m/nofp/librdimon.a(rdimon-syscalls.o)
                0x00000000080033d4                _gettimeofday
 .text._clock   0x00000000080033fc       0x14 /opt/gcc-arm/bin/../lib/gcc/arm-none-eabi/10.3.1/../../../../arm-none-eabi/lib/thumb/v7e-m/nofp/librdimon.a(rdimon-syscalls.o)
                0x00000000080033fc                _clock
 .text._times   0x0000000008003410       0x20 /opt/gcc-arm/bin/../lib/gcc/arm-none-eabi/10.3.1/../../../../arm-none-eabi/lib/thumb/v7e-m/nofp/librdimon.a(rdimon-syscalls.o)
                0x0000000008003410                _times
 .text._isatty  0x0000000008003430       0x68 /opt/gcc-arm/bin/../lib/gcc/arm-none-eabi/10.3.1/../../../../arm-none-eabi/lib/thumb/v7e-m/nofp/librdimon.a(rdimon-syscalls.o)
                0x0000000008003430                _isatty
 .text._system  0x0000000008003498       0x5c /opt/gcc-arm/bin/../lib/gcc/arm-none-eabi/10.3.1/../../../../arm-none-eabi/lib/thumb/v7e-m/nofp/librdimon.a(rdimon-syscalls.o)
                0x0000000008003498                _system
 .text._rename  0x00000000080034f4       0x54 /opt/gcc-arm/bin/../lib/gcc/arm-none-eabi/10.3.1/../../../../arm-none-eabi/lib/thumb/v7e-m/nofp/librdimon.a(rdimon-syscalls.o)
                0x00000000080034f4                _rename
 .text._exit    0x0000000008003548       0x14 /opt/gcc-arm/bin/../lib/gcc/arm-none-eabi/10.3.1/../../../../arm-none-eabi/lib/thumb/v7e-m/nofp/librdimon.a(rdimon-_exit.o)
                0x0000000008003548                _exit
 .text._kill_shared
                0x000000000800355c       0x30 /opt/gcc-arm/bin/../lib/gcc/arm-none-eabi/10.3.1/../../../../arm-none-eabi/lib/thumb/v7e-m/nofp/librdimon.a(rdimon-_kill.o)
                0x000000000800355c                _kill_shared
 .text._kill    0x000000000800358c       0x1c /opt/gcc-arm/bin/../lib/gcc/arm-none-eabi/10.3.1/../../../../arm-none-eabi/lib/thumb/v7e-m/nofp/librdimon.a(rdimon-_kill.o)
                0x000000000800358c                _kill
 .text.__errno  0x00000000080035a8        0xc /opt/gcc-arm/bin/../lib/gcc/arm-none-eabi/10.3.1/../../../../arm-none-eabi/lib/thumb/v7e-m/nofp/libc.a(lib_a-errno.o)
                0x00000000080035a8                __errno
                0x00000000080035b4                . = ALIGN (0x4)
                0x00000000080035b4                _etext = .

.glue_7         0x00000000080035b4        0x0
 .glue_7        0x00000000080035b4        0x0 linker stubs

.glue_7t        0x00000000080035b4        0x0
 .glue_7t       0x00000000080035b4        0x0 linker stubs

.vfp11_veneer   0x00000000080035b4        0x0
 .vfp11_veneer  0x00000000080035b4        0x0 linker stubs

.v4_bx          0x00000000080035b4        0x0
 .v4_bx         0x00000000080035b4        0x0 linker stubs

.init           0x00000000080035b4        0xc
 .init          0x00000000080035b4        0x4 /opt/gcc-arm/bin/../lib/gcc/arm-none-eabi/10.3.1/thumb/v7e-m/nofp/crti.o
                0x00000000080035b4                _init
 .init          0x00000000080035b8        0x8 /opt/gcc-arm/bin/../lib/gcc/arm-none-eabi/10.3.1/thumb/v7e-m/nofp/crtn.o

.fini           0x00000000080035c0        0xc
 .fini          0x00000000080035c0        0x4 /opt/gcc-arm/bin/../lib/gcc/arm-none-eabi/10.3.1/thumb/v7e-m/nofp/crti.o
                0x00000000080035c0                _fini
 .fini          0x00000000080035c4        0x8 /opt/gcc-arm/bin/../lib/gcc/arm-none-eabi/10.3.1/thumb/v7e-m/nofp/crtn.o

.iplt           0x00000000080035cc        0x0
 .iplt          0x00000000080035cc        0x0 /opt/gcc-arm/bin/../lib/gcc/arm-none-eabi/10.3.1/thumb/v7e-m/nofp/crtbegin.o

.rodata         0x00000000080035cc       0xdc
                0x00000000080035cc                . = ALIGN (0x4)
 *(.rodata)
 .rodata        0x00000000080035cc       0x24 /opt/gcc-arm/bin/../lib/gcc/arm-none-eabi/10.3.1/thumb/v7e-m/nofp/crtbegin.o
 .rodata        0x00000000080035f0       0x6d i2c.o
 *fill*         0x000000000800365d        0x3 
 .rodata        0x0000000008003660       0x24 /opt/gcc-arm/bin/../lib/gcc/arm-none-eabi/10.3.1/thumb/v7e-m/nofp/crtend.o
 *(.rodata*)
 .rodata._global_impure_ptr
                0x0000000008003684        0x4 /opt/gcc-arm/bin/../lib/gcc/arm-none-eabi/10.3.1/../../../../arm-none-eabi/lib/thumb/v7e-m/nofp/libc.a(lib_a-impure.o)
                0x0000000008003684                _global_impure_ptr
 .rodata._puts_r.str1.4
                0x0000000008003688        0x2 /opt/gcc-arm/bin/../lib/gcc/arm-none-eabi/10.3.1/../../../../arm-none-eabi/lib/thumb/v7e-m/nofp/libc.a(lib_a-puts.o)
 *fill*         0x000000000800368a        0x2 
 .rodata._get_semihosting_exts.str1.4
                0x000000000800368c       0x16 /opt/gcc-arm/bin/../lib/gcc/arm-none-eabi/10.3.1/../../../../arm-none-eabi/lib/thumb/v7e-m/nofp/librdimon.a(rdimon-syscalls.o)
 *fill*         0x00000000080036a2        0x2 
 .rodata.initialise_monitor_handles.str1.4
                0x00000000080036a4        0x4 /opt/gcc-arm/bin/../lib/gcc/arm-none-eabi/10.3.1/../../../../arm-none-eabi/lib/thumb/v7e-m/nofp/librdimon.a(rdimon-syscalls.o)
                0x00000000080036a8                . = ALIGN (0x4)
                0x00000000080036b4                _la_data = LOADADDR (.data)

.eh_frame       0x00000000080036a8        0x4
 .eh_frame      0x00000000080036a8        0x0 /opt/gcc-arm/bin/../lib/gcc/arm-none-eabi/10.3.1/thumb/v7e-m/nofp/crtbegin.o
 .eh_frame      0x00000000080036a8        0x4 /opt/gcc-arm/bin/../lib/gcc/arm-none-eabi/10.3.1/thumb/v7e-m/nofp/crtend.o

.ARM.extab      0x00000000080036ac        0x0
 .ARM.extab     0x00000000080036ac        0x0 /opt/gcc-arm/bin/../lib/gcc/arm-none-eabi/10.3.1/../../../../arm-none-eabi/lib/thumb/v7e-m/nofp/rdimon-crt0.o

.ARM.exidx      0x00000000080036ac        0x8
 .ARM.exidx     0x00000000080036ac        0x8 /opt/gcc-arm/bin/../lib/gcc/arm-none-eabi/10.3.1/../../../../arm-none-eabi/lib/thumb/v7e-m/nofp/rdimon-crt0.o
                                         0x10 (size before relaxing)

.rel.dyn        0x00000000080036b4        0x0
 .rel.iplt      0x00000000080036b4        0x0 /opt/gcc-arm/bin/../lib/gcc/arm-none-eabi/10.3.1/thumb/v7e-m/nofp/crtbegin.o

.data           0x0000000020000000      0x978 load address 0x00000000080036b4
                0x0000000020000000                . = ALIGN (0x4)
                0x0000000020000000                _sdata = .
 *(.data)
 .data          0x0000000020000000        0x0 /opt/gcc-arm/bin/../lib/gcc/arm-none-eabi/10.3.1/thumb/v7e-m/nofp/crti.o
 .data          0x0000000020000000        0x4 /opt/gcc-arm/bin/../lib/gcc/arm-none-eabi/10.3.1/thumb/v7e-m/nofp/crtbegin.o
                0x0000000020000000                __dso_handle
 .data          0x0000000020000004      0x118 /opt/gcc-arm/bin/../lib/gcc/arm-none-eabi/10.3.1/../../../../arm-none-eabi/lib/thumb/v7e-m/nofp/rdimon-crt0.o
                0x000000002000000c                __stack_base__
 .data          0x000000002000011c        0x0 main.o
 .data          0x000000002000011c        0x0 gpio.o
 .data          0x000000002000011c        0xc clock.o
                0x000000002000011c                SYS_CLK
                0x0000000020000120                AHB_CLK
                0x0000000020000124                APB1_CLK
 .data          0x0000000020000128        0x0 i2c.o
 .data          0x0000000020000128        0x0 nvic.o
 .data          0x0000000020000128        0x0 exti.o
 .data          0x0000000020000128        0x0 systick.o
 .data          0x0000000020000128        0x0 stm32_startup.o
 .data          0x0000000020000128        0x0 /opt/gcc-arm/bin/../lib/gcc/arm-none-eabi/10.3.1/../../../../arm-none-eabi/lib/thumb/v7e-m/nofp/libc.a(lib_a-exit.o)
 .data          0x0000000020000128        0x0 /opt/gcc-arm/bin/../lib/gcc/arm-none-eabi/10.3.1/../../../../arm-none-eabi/lib/thumb/v7e-m/nofp/libc.a(lib_a-impure.o)
 .data          0x0000000020000128        0x0 /opt/gcc-arm/bin/../lib/gcc/arm-none-eabi/10.3.1/../../../../arm-none-eabi/lib/thumb/v7e-m/nofp/libc.a(lib_a-init.o)
 .data          0x0000000020000128        0x0 /opt/gcc-arm/bin/../lib/gcc/arm-none-eabi/10.3.1/../../../../arm-none-eabi/lib/thumb/v7e-m/nofp/libc.a(lib_a-memset.o)
 .data          0x0000000020000128        0x0 /opt/gcc-arm/bin/../lib/gcc/arm-none-eabi/10.3.1/../../../../arm-none-eabi/lib/thumb/v7e-m/nofp/libc.a(lib_a-puts.o)
 .data          0x0000000020000128        0x0 /opt/gcc-arm/bin/../lib/gcc/arm-none-eabi/10.3.1/../../../../arm-none-eabi/lib/thumb/v7e-m/nofp/libc.a(lib_a-strlen.o)
 .data          0x0000000020000128        0x0 /opt/gcc-arm/bin/../lib/gcc/arm-none-eabi/10.3.1/../../../../arm-none-eabi/lib/thumb/v7e-m/nofp/libc.a(lib_a-__call_atexit.o)
 .data          0x0000000020000128        0x0 /opt/gcc-arm/bin/../lib/gcc/arm-none-eabi/10.3.1/../../../../arm-none-eabi/lib/thumb/v7e-m/nofp/libc.a(lib_a-atexit.o)
 .data          0x0000000020000128        0x0 /opt/gcc-arm/bin/../lib/gcc/arm-none-eabi/10.3.1/../../../../arm-none-eabi/lib/thumb/v7e-m/nofp/libc.a(lib_a-findfp.o)
 .data          0x0000000020000128        0x0 /opt/gcc-arm/bin/../lib/gcc/arm-none-eabi/10.3.1/../../../../arm-none-eabi/lib/thumb/v7e-m/nofp/libc.a(lib_a-fini.o)
 .data          0x0000000020000128        0x0 /opt/gcc-arm/bin/../lib/gcc/arm-none-eabi/10.3.1/../../../../arm-none-eabi/lib/thumb/v7e-m/nofp/libc.a(lib_a-fvwrite.o)
 .data          0x0000000020000128        0x0 /opt/gcc-arm/bin/../lib/gcc/arm-none-eabi/10.3.1/../../../../arm-none-eabi/lib/thumb/v7e-m/nofp/libc.a(lib_a-fwalk.o)
 .data          0x0000000020000128        0x0 /opt/gcc-arm/bin/../lib/gcc/arm-none-eabi/10.3.1/../../../../arm-none-eabi/lib/thumb/v7e-m/nofp/libc.a(lib_a-lock.o)
 .data          0x0000000020000128        0x0 /opt/gcc-arm/bin/../lib/gcc/arm-none-eabi/10.3.1/../../../../arm-none-eabi/lib/thumb/v7e-m/nofp/libc.a(lib_a-mallocr.o)
 .data          0x0000000020000128        0x0 /opt/gcc-arm/bin/../lib/gcc/arm-none-eabi/10.3.1/../../../../arm-none-eabi/lib/thumb/v7e-m/nofp/libc.a(lib_a-memchr.o)
 .data          0x0000000020000128        0x0 /opt/gcc-arm/bin/../lib/gcc/arm-none-eabi/10.3.1/../../../../arm-none-eabi/lib/thumb/v7e-m/nofp/libc.a(lib_a-memcpy.o)
 .data          0x0000000020000128        0x0 /opt/gcc-arm/bin/../lib/gcc/arm-none-eabi/10.3.1/../../../../arm-none-eabi/lib/thumb/v7e-m/nofp/libc.a(lib_a-memmove.o)
 .data          0x0000000020000128        0x0 /opt/gcc-arm/bin/../lib/gcc/arm-none-eabi/10.3.1/../../../../arm-none-eabi/lib/thumb/v7e-m/nofp/libc.a(lib_a-mlock.o)
 .data          0x0000000020000128        0x0 /opt/gcc-arm/bin/../lib/gcc/arm-none-eabi/10.3.1/../../../../arm-none-eabi/lib/thumb/v7e-m/nofp/libc.a(lib_a-reallocr.o)
 .data          0x0000000020000128        0x0 /opt/gcc-arm/bin/../lib/gcc/arm-none-eabi/10.3.1/../../../../arm-none-eabi/lib/thumb/v7e-m/nofp/libc.a(lib_a-sbrkr.o)
 .data          0x0000000020000128        0x0 /opt/gcc-arm/bin/../lib/gcc/arm-none-eabi/10.3.1/../../../../arm-none-eabi/lib/thumb/v7e-m/nofp/libc.a(lib_a-stdio.o)
 .data          0x0000000020000128        0x0 /opt/gcc-arm/bin/../lib/gcc/arm-none-eabi/10.3.1/../../../../arm-none-eabi/lib/thumb/v7e-m/nofp/libc.a(lib_a-writer.o)
 .data          0x0000000020000128        0x0 /opt/gcc-arm/bin/../lib/gcc/arm-none-eabi/10.3.1/../../../../arm-none-eabi/lib/thumb/v7e-m/nofp/libc.a(lib_a-wsetup.o)
 .data          0x0000000020000128        0x0 /opt/gcc-arm/bin/../lib/gcc/arm-none-eabi/10.3.1/../../../../arm-none-eabi/lib/thumb/v7e-m/nofp/libc.a(lib_a-__atexit.o)
 .data          0x0000000020000128        0x0 /opt/gcc-arm/bin/../lib/gcc/arm-none-eabi/10.3.1/../../../../arm-none-eabi/lib/thumb/v7e-m/nofp/libc.a(lib_a-closer.o)
 .data          0x0000000020000128        0x0 /opt/gcc-arm/bin/../lib/gcc/arm-none-eabi/10.3.1/../../../../arm-none-eabi/lib/thumb/v7e-m/nofp/libc.a(lib_a-fclose.o)
 .data          0x0000000020000128        0x0 /opt/gcc-arm/bin/../lib/gcc/arm-none-eabi/10.3.1/../../../../arm-none-eabi/lib/thumb/v7e-m/nofp/libc.a(lib_a-fflush.o)
 .data          0x0000000020000128        0x0 /opt/gcc-arm/bin/../lib/gcc/arm-none-eabi/10.3.1/../../../../arm-none-eabi/lib/thumb/v7e-m/nofp/libc.a(lib_a-freer.o)
 .data          0x0000000020000128        0x0 /opt/gcc-arm/bin/../lib/gcc/arm-none-eabi/10.3.1/../../../../arm-none-eabi/lib/thumb/v7e-m/nofp/libc.a(lib_a-lseekr.o)
 .data          0x0000000020000128        0x0 /opt/gcc-arm/bin/../lib/gcc/arm-none-eabi/10.3.1/../../../../arm-none-eabi/lib/thumb/v7e-m/nofp/libc.a(lib_a-makebuf.o)
 .data          0x0000000020000128        0x0 /opt/gcc-arm/bin/../lib/gcc/arm-none-eabi/10.3.1/../../../../arm-none-eabi/lib/thumb/v7e-m/nofp/libc.a(lib_a-readr.o)
 .data          0x0000000020000128        0x0 /opt/gcc-arm/bin/../lib/gcc/arm-none-eabi/10.3.1/../../../../arm-none-eabi/lib/thumb/v7e-m/nofp/libc.a(lib_a-reent.o)
 .data          0x0000000020000128        0x0 /opt/gcc-arm/bin/../lib/gcc/arm-none-eabi/10.3.1/../../../../arm-none-eabi/lib/thumb/v7e-m/nofp/libc.a(lib_a-fstatr.o)
 .data          0x0000000020000128        0x0 /opt/gcc-arm/bin/../lib/gcc/arm-none-eabi/10.3.1/../../../../arm-none-eabi/lib/thumb/v7e-m/nofp/libc.a(lib_a-isattyr.o)
 .data          0x0000000020000128        0x0 /opt/gcc-arm/bin/../lib/gcc/arm-none-eabi/10.3.1/../../../../arm-none-eabi/lib/thumb/v7e-m/nofp/librdimon.a(rdimon-syscalls.o)
 .data          0x0000000020000128        0x0 /opt/gcc-arm/bin/../lib/gcc/arm-none-eabi/10.3.1/../../../../arm-none-eabi/lib/thumb/v7e-m/nofp/librdimon.a(rdimon-_exit.o)
 .data          0x0000000020000128        0x0 /opt/gcc-arm/bin/../lib/gcc/arm-none-eabi/10.3.1/../../../../arm-none-eabi/lib/thumb/v7e-m/nofp/librdimon.a(rdimon-_kill.o)
 .data          0x0000000020000128        0x0 /opt/gcc-arm/bin/../lib/gcc/arm-none-eabi/10.3.1/../../../../arm-none-eabi/lib/thumb/v7e-m/nofp/libc.a(lib_a-errno.o)
 .data          0x0000000020000128        0x0 /opt/gcc-arm/bin/../lib/gcc/arm-none-eabi/10.3.1/thumb/v7e-m/nofp/crtend.o
 .data          0x0000000020000128        0x0 /opt/gcc-arm/bin/../lib/gcc/arm-none-eabi/10.3.1/thumb/v7e-m/nofp/crtn.o
 *(.data*)
 .data._impure_ptr
                0x0000000020000128        0x4 /opt/gcc-arm/bin/../lib/gcc/arm-none-eabi/10.3.1/../../../../arm-none-eabi/lib/thumb/v7e-m/nofp/libc.a(lib_a-impure.o)
                0x0000000020000128                _impure_ptr
 *fill*         0x000000002000012c        0x4 
 .data.impure_data
                0x0000000020000130      0x428 /opt/gcc-arm/bin/../lib/gcc/arm-none-eabi/10.3.1/../../../../arm-none-eabi/lib/thumb/v7e-m/nofp/libc.a(lib_a-impure.o)
 .data.__atexit_recursive_mutex
                0x0000000020000558        0x4 /opt/gcc-arm/bin/../lib/gcc/arm-none-eabi/10.3.1/../../../../arm-none-eabi/lib/thumb/v7e-m/nofp/libc.a(lib_a-__call_atexit.o)
                0x0000000020000558                __atexit_recursive_mutex
 .data.__malloc_av_
                0x000000002000055c      0x408 /opt/gcc-arm/bin/../lib/gcc/arm-none-eabi/10.3.1/../../../../arm-none-eabi/lib/thumb/v7e-m/nofp/libc.a(lib_a-mallocr.o)
                0x000000002000055c                __malloc_av_
 .data.__malloc_sbrk_base
                0x0000000020000964        0x4 /opt/gcc-arm/bin/../lib/gcc/arm-none-eabi/10.3.1/../../../../arm-none-eabi/lib/thumb/v7e-m/nofp/libc.a(lib_a-mallocr.o)
                0x0000000020000964                __malloc_sbrk_base
 .data.__malloc_trim_threshold
                0x0000000020000968        0x4 /opt/gcc-arm/bin/../lib/gcc/arm-none-eabi/10.3.1/../../../../arm-none-eabi/lib/thumb/v7e-m/nofp/libc.a(lib_a-mallocr.o)
                0x0000000020000968                __malloc_trim_threshold
 .data.__heap_limit
                0x000000002000096c        0x4 /opt/gcc-arm/bin/../lib/gcc/arm-none-eabi/10.3.1/../../../../arm-none-eabi/lib/thumb/v7e-m/nofp/librdimon.a(rdimon-syscalls.o)
                0x000000002000096c                __heap_limit
 .data.supports_ext_exit_extended
                0x0000000020000970        0x4 /opt/gcc-arm/bin/../lib/gcc/arm-none-eabi/10.3.1/../../../../arm-none-eabi/lib/thumb/v7e-m/nofp/librdimon.a(rdimon-syscalls.o)
 .data.supports_ext_stdout_stderr
                0x0000000020000974        0x4 /opt/gcc-arm/bin/../lib/gcc/arm-none-eabi/10.3.1/../../../../arm-none-eabi/lib/thumb/v7e-m/nofp/librdimon.a(rdimon-syscalls.o)
                0x0000000020000978                . = ALIGN (0x4)
                0x0000000020000978                _edata = .

.init_array     0x0000000020000978        0x4 load address 0x000000000800402c
 .init_array    0x0000000020000978        0x4 /opt/gcc-arm/bin/../lib/gcc/arm-none-eabi/10.3.1/thumb/v7e-m/nofp/crtbegin.o

.fini_array     0x000000002000097c        0x4 load address 0x0000000008004030
 .fini_array    0x000000002000097c        0x4 /opt/gcc-arm/bin/../lib/gcc/arm-none-eabi/10.3.1/thumb/v7e-m/nofp/crtbegin.o

.igot.plt       0x0000000020000980        0x0 load address 0x0000000008004034
 .igot.plt      0x0000000020000980        0x0 /opt/gcc-arm/bin/../lib/gcc/arm-none-eabi/10.3.1/thumb/v7e-m/nofp/crtbegin.o

.init_array.00000
                0x0000000020000980        0x4 load address 0x0000000008004034
 .init_array.00000
                0x0000000020000980        0x4 /opt/gcc-arm/bin/../lib/gcc/arm-none-eabi/10.3.1/../../../../arm-none-eabi/lib/thumb/v7e-m/nofp/libc.a(lib_a-__call_atexit.o)

.bss            0x0000000020000984      0x12c load address 0x0000000008004038
                0x0000000020000984                . = ALIGN (0x4)
                0x0000000020000984                _sbss = .
                0x0000000020000984                __bss_start__ = _sbss
 *(.bss)
 .bss           0x0000000020000984        0x0 /opt/gcc-arm/bin/../lib/gcc/arm-none-eabi/10.3.1/thumb/v7e-m/nofp/crti.o
 .bss           0x0000000020000984       0x1c /opt/gcc-arm/bin/../lib/gcc/arm-none-eabi/10.3.1/thumb/v7e-m/nofp/crtbegin.o
 .bss           0x00000000200009a0        0x0 /opt/gcc-arm/bin/../lib/gcc/arm-none-eabi/10.3.1/../../../../arm-none-eabi/lib/thumb/v7e-m/nofp/rdimon-crt0.o
 .bss           0x00000000200009a0        0x0 main.o
 .bss           0x00000000200009a0        0x0 gpio.o
 .bss           0x00000000200009a0        0x0 clock.o
 .bss           0x00000000200009a0        0x0 i2c.o
 .bss           0x00000000200009a0        0x0 nvic.o
 .bss           0x00000000200009a0        0x0 exti.o
 .bss           0x00000000200009a0        0x4 systick.o
                0x00000000200009a0                time_ms
 .bss           0x00000000200009a4        0x0 stm32_startup.o
 .bss           0x00000000200009a4        0x0 /opt/gcc-arm/bin/../lib/gcc/arm-none-eabi/10.3.1/../../../../arm-none-eabi/lib/thumb/v7e-m/nofp/libc.a(lib_a-exit.o)
 .bss           0x00000000200009a4        0x0 /opt/gcc-arm/bin/../lib/gcc/arm-none-eabi/10.3.1/../../../../arm-none-eabi/lib/thumb/v7e-m/nofp/libc.a(lib_a-impure.o)
 .bss           0x00000000200009a4        0x0 /opt/gcc-arm/bin/../lib/gcc/arm-none-eabi/10.3.1/../../../../arm-none-eabi/lib/thumb/v7e-m/nofp/libc.a(lib_a-init.o)
 .bss           0x00000000200009a4        0x0 /opt/gcc-arm/bin/../lib/gcc/arm-none-eabi/10.3.1/../../../../arm-none-eabi/lib/thumb/v7e-m/nofp/libc.a(lib_a-memset.o)
 .bss           0x00000000200009a4        0x0 /opt/gcc-arm/bin/../lib/gcc/arm-none-eabi/10.3.1/../../../../arm-none-eabi/lib/thumb/v7e-m/nofp/libc.a(lib_a-puts.o)
 .bss           0x00000000200009a4        0x0 /opt/gcc-arm/bin/../lib/gcc/arm-none-eabi/10.3.1/../../../../arm-none-eabi/lib/thumb/v7e-m/nofp/libc.a(lib_a-strlen.o)
 .bss           0x00000000200009a4        0x0 /opt/gcc-arm/bin/../lib/gcc/arm-none-eabi/10.3.1/../../../../arm-none-eabi/lib/thumb/v7e-m/nofp/libc.a(lib_a-__call_atexit.o)
 .bss           0x00000000200009a4        0x0 /opt/gcc-arm/bin/../lib/gcc/arm-none-eabi/10.3.1/../../../../arm-none-eabi/lib/thumb/v7e-m/nofp/libc.a(lib_a-atexit.o)
 .bss           0x00000000200009a4        0x0 /opt/gcc-arm/bin/../lib/gcc/arm-none-eabi/10.3.1/../../../../arm-none-eabi/lib/thumb/v7e-m/nofp/libc.a(lib_a-findfp.o)
 .bss           0x00000000200009a4        0x0 /opt/gcc-arm/bin/../lib/gcc/arm-none-eabi/10.3.1/../../../../arm-none-eabi/lib/thumb/v7e-m/nofp/libc.a(lib_a-fini.o)
 .bss           0x00000000200009a4        0x0 /opt/gcc-arm/bin/../lib/gcc/arm-none-eabi/10.3.1/../../../../arm-none-eabi/lib/thumb/v7e-m/nofp/libc.a(lib_a-fvwrite.o)
 .bss           0x00000000200009a4        0x0 /opt/gcc-arm/bin/../lib/gcc/arm-none-eabi/10.3.1/../../../../arm-none-eabi/lib/thumb/v7e-m/nofp/libc.a(lib_a-fwalk.o)
 .bss           0x00000000200009a4        0x0 /opt/gcc-arm/bin/../lib/gcc/arm-none-eabi/10.3.1/../../../../arm-none-eabi/lib/thumb/v7e-m/nofp/libc.a(lib_a-lock.o)
 .bss           0x00000000200009a4        0x0 /opt/gcc-arm/bin/../lib/gcc/arm-none-eabi/10.3.1/../../../../arm-none-eabi/lib/thumb/v7e-m/nofp/libc.a(lib_a-mallocr.o)
 .bss           0x00000000200009a4        0x0 /opt/gcc-arm/bin/../lib/gcc/arm-none-eabi/10.3.1/../../../../arm-none-eabi/lib/thumb/v7e-m/nofp/libc.a(lib_a-memchr.o)
 .bss           0x00000000200009a4        0x0 /opt/gcc-arm/bin/../lib/gcc/arm-none-eabi/10.3.1/../../../../arm-none-eabi/lib/thumb/v7e-m/nofp/libc.a(lib_a-memcpy.o)
 .bss           0x00000000200009a4        0x0 /opt/gcc-arm/bin/../lib/gcc/arm-none-eabi/10.3.1/../../../../arm-none-eabi/lib/thumb/v7e-m/nofp/libc.a(lib_a-memmove.o)
 .bss           0x00000000200009a4        0x0 /opt/gcc-arm/bin/../lib/gcc/arm-none-eabi/10.3.1/../../../../arm-none-eabi/lib/thumb/v7e-m/nofp/libc.a(lib_a-mlock.o)
 .bss           0x00000000200009a4        0x0 /opt/gcc-arm/bin/../lib/gcc/arm-none-eabi/10.3.1/../../../../arm-none-eabi/lib/thumb/v7e-m/nofp/libc.a(lib_a-reallocr.o)
 .bss           0x00000000200009a4        0x0 /opt/gcc-arm/bin/../lib/gcc/arm-none-eabi/10.3.1/../../../../arm-none-eabi/lib/thumb/v7e-m/nofp/libc.a(lib_a-sbrkr.o)
 .bss           0x00000000200009a4        0x0 /opt/gcc-arm/bin/../lib/gcc/arm-none-eabi/10.3.1/../../../../arm-none-eabi/lib/thumb/v7e-m/nofp/libc.a(lib_a-stdio.o)
 .bss           0x00000000200009a4        0x0 /opt/gcc-arm/bin/../lib/gcc/arm-none-eabi/10.3.1/../../../../arm-none-eabi/lib/thumb/v7e-m/nofp/libc.a(lib_a-writer.o)
 .bss           0x00000000200009a4        0x0 /opt/gcc-arm/bin/../lib/gcc/arm-none-eabi/10.3.1/../../../../arm-none-eabi/lib/thumb/v7e-m/nofp/libc.a(lib_a-wsetup.o)
 .bss           0x00000000200009a4        0x0 /opt/gcc-arm/bin/../lib/gcc/arm-none-eabi/10.3.1/../../../../arm-none-eabi/lib/thumb/v7e-m/nofp/libc.a(lib_a-__atexit.o)
 .bss           0x00000000200009a4        0x0 /opt/gcc-arm/bin/../lib/gcc/arm-none-eabi/10.3.1/../../../../arm-none-eabi/lib/thumb/v7e-m/nofp/libc.a(lib_a-closer.o)
 .bss           0x00000000200009a4        0x0 /opt/gcc-arm/bin/../lib/gcc/arm-none-eabi/10.3.1/../../../../arm-none-eabi/lib/thumb/v7e-m/nofp/libc.a(lib_a-fclose.o)
 .bss           0x00000000200009a4        0x0 /opt/gcc-arm/bin/../lib/gcc/arm-none-eabi/10.3.1/../../../../arm-none-eabi/lib/thumb/v7e-m/nofp/libc.a(lib_a-fflush.o)
 .bss           0x00000000200009a4        0x0 /opt/gcc-arm/bin/../lib/gcc/arm-none-eabi/10.3.1/../../../../arm-none-eabi/lib/thumb/v7e-m/nofp/libc.a(lib_a-freer.o)
 .bss           0x00000000200009a4        0x0 /opt/gcc-arm/bin/../lib/gcc/arm-none-eabi/10.3.1/../../../../arm-none-eabi/lib/thumb/v7e-m/nofp/libc.a(lib_a-lseekr.o)
 .bss           0x00000000200009a4        0x0 /opt/gcc-arm/bin/../lib/gcc/arm-none-eabi/10.3.1/../../../../arm-none-eabi/lib/thumb/v7e-m/nofp/libc.a(lib_a-makebuf.o)
 .bss           0x00000000200009a4        0x0 /opt/gcc-arm/bin/../lib/gcc/arm-none-eabi/10.3.1/../../../../arm-none-eabi/lib/thumb/v7e-m/nofp/libc.a(lib_a-readr.o)
 .bss           0x00000000200009a4        0x0 /opt/gcc-arm/bin/../lib/gcc/arm-none-eabi/10.3.1/../../../../arm-none-eabi/lib/thumb/v7e-m/nofp/libc.a(lib_a-reent.o)
 .bss           0x00000000200009a4        0x0 /opt/gcc-arm/bin/../lib/gcc/arm-none-eabi/10.3.1/../../../../arm-none-eabi/lib/thumb/v7e-m/nofp/libc.a(lib_a-fstatr.o)
 .bss           0x00000000200009a4        0x0 /opt/gcc-arm/bin/../lib/gcc/arm-none-eabi/10.3.1/../../../../arm-none-eabi/lib/thumb/v7e-m/nofp/libc.a(lib_a-isattyr.o)
 .bss           0x00000000200009a4        0x0 /opt/gcc-arm/bin/../lib/gcc/arm-none-eabi/10.3.1/../../../../arm-none-eabi/lib/thumb/v7e-m/nofp/librdimon.a(rdimon-syscalls.o)
 .bss           0x00000000200009a4        0x0 /opt/gcc-arm/bin/../lib/gcc/arm-none-eabi/10.3.1/../../../../arm-none-eabi/lib/thumb/v7e-m/nofp/librdimon.a(rdimon-_exit.o)
 .bss           0x00000000200009a4        0x0 /opt/gcc-arm/bin/../lib/gcc/arm-none-eabi/10.3.1/../../../../arm-none-eabi/lib/thumb/v7e-m/nofp/librdimon.a(rdimon-_kill.o)
 .bss           0x00000000200009a4        0x0 /opt/gcc-arm/bin/../lib/gcc/arm-none-eabi/10.3.1/../../../../arm-none-eabi/lib/thumb/v7e-m/nofp/libc.a(lib_a-errno.o)
 .bss           0x00000000200009a4        0x0 /opt/gcc-arm/bin/../lib/gcc/arm-none-eabi/10.3.1/thumb/v7e-m/nofp/crtend.o
 .bss           0x00000000200009a4        0x0 /opt/gcc-arm/bin/../lib/gcc/arm-none-eabi/10.3.1/thumb/v7e-m/nofp/crtn.o
 *(.bss*)
 .bss.__lock___arc4random_mutex
                0x00000000200009a4        0x1 /opt/gcc-arm/bin/../lib/gcc/arm-none-eabi/10.3.1/../../../../arm-none-eabi/lib/thumb/v7e-m/nofp/libc.a(lib_a-lock.o)
                0x00000000200009a4                __lock___arc4random_mutex
 *fill*         0x00000000200009a5        0x3 
 .bss.__lock___at_quick_exit_mutex
                0x00000000200009a8        0x1 /opt/gcc-arm/bin/../lib/gcc/arm-none-eabi/10.3.1/../../../../arm-none-eabi/lib/thumb/v7e-m/nofp/libc.a(lib_a-lock.o)
                0x00000000200009a8                __lock___at_quick_exit_mutex
 *fill*         0x00000000200009a9        0x3 
 .bss.__lock___atexit_recursive_mutex
                0x00000000200009ac        0x1 /opt/gcc-arm/bin/../lib/gcc/arm-none-eabi/10.3.1/../../../../arm-none-eabi/lib/thumb/v7e-m/nofp/libc.a(lib_a-lock.o)
                0x00000000200009ac                __lock___atexit_recursive_mutex
 *fill*         0x00000000200009ad        0x3 
 .bss.__lock___dd_hash_mutex
                0x00000000200009b0        0x1 /opt/gcc-arm/bin/../lib/gcc/arm-none-eabi/10.3.1/../../../../arm-none-eabi/lib/thumb/v7e-m/nofp/libc.a(lib_a-lock.o)
                0x00000000200009b0                __lock___dd_hash_mutex
 *fill*         0x00000000200009b1        0x3 
 .bss.__lock___env_recursive_mutex
                0x00000000200009b4        0x1 /opt/gcc-arm/bin/../lib/gcc/arm-none-eabi/10.3.1/../../../../arm-none-eabi/lib/thumb/v7e-m/nofp/libc.a(lib_a-lock.o)
                0x00000000200009b4                __lock___env_recursive_mutex
 *fill*         0x00000000200009b5        0x3 
 .bss.__lock___malloc_recursive_mutex
                0x00000000200009b8        0x1 /opt/gcc-arm/bin/../lib/gcc/arm-none-eabi/10.3.1/../../../../arm-none-eabi/lib/thumb/v7e-m/nofp/libc.a(lib_a-lock.o)
                0x00000000200009b8                __lock___malloc_recursive_mutex
 *fill*         0x00000000200009b9        0x3 
 .bss.__lock___sfp_recursive_mutex
                0x00000000200009bc        0x1 /opt/gcc-arm/bin/../lib/gcc/arm-none-eabi/10.3.1/../../../../arm-none-eabi/lib/thumb/v7e-m/nofp/libc.a(lib_a-lock.o)
                0x00000000200009bc                __lock___sfp_recursive_mutex
 *fill*         0x00000000200009bd        0x3 
 .bss.__lock___sinit_recursive_mutex
                0x00000000200009c0        0x1 /opt/gcc-arm/bin/../lib/gcc/arm-none-eabi/10.3.1/../../../../arm-none-eabi/lib/thumb/v7e-m/nofp/libc.a(lib_a-lock.o)
                0x00000000200009c0                __lock___sinit_recursive_mutex
 *fill*         0x00000000200009c1        0x3 
 .bss.__lock___tz_mutex
                0x00000000200009c4        0x1 /opt/gcc-arm/bin/../lib/gcc/arm-none-eabi/10.3.1/../../../../arm-none-eabi/lib/thumb/v7e-m/nofp/libc.a(lib_a-lock.o)
                0x00000000200009c4                __lock___tz_mutex
 *fill*         0x00000000200009c5        0x3 
 .bss.__malloc_current_mallinfo
                0x00000000200009c8       0x28 /opt/gcc-arm/bin/../lib/gcc/arm-none-eabi/10.3.1/../../../../arm-none-eabi/lib/thumb/v7e-m/nofp/libc.a(lib_a-mallocr.o)
                0x00000000200009c8                __malloc_current_mallinfo
 .bss.__malloc_max_sbrked_mem
                0x00000000200009f0        0x4 /opt/gcc-arm/bin/../lib/gcc/arm-none-eabi/10.3.1/../../../../arm-none-eabi/lib/thumb/v7e-m/nofp/libc.a(lib_a-mallocr.o)
                0x00000000200009f0                __malloc_max_sbrked_mem
 .bss.__malloc_max_total_mem
                0x00000000200009f4        0x4 /opt/gcc-arm/bin/../lib/gcc/arm-none-eabi/10.3.1/../../../../arm-none-eabi/lib/thumb/v7e-m/nofp/libc.a(lib_a-mallocr.o)
                0x00000000200009f4                __malloc_max_total_mem
 .bss.__malloc_top_pad
                0x00000000200009f8        0x4 /opt/gcc-arm/bin/../lib/gcc/arm-none-eabi/10.3.1/../../../../arm-none-eabi/lib/thumb/v7e-m/nofp/libc.a(lib_a-mallocr.o)
                0x00000000200009f8                __malloc_top_pad
 .bss.errno     0x00000000200009fc        0x4 /opt/gcc-arm/bin/../lib/gcc/arm-none-eabi/10.3.1/../../../../arm-none-eabi/lib/thumb/v7e-m/nofp/libc.a(lib_a-reent.o)
                0x00000000200009fc                errno
 .bss.heap_end.0
                0x0000000020000a00        0x4 /opt/gcc-arm/bin/../lib/gcc/arm-none-eabi/10.3.1/../../../../arm-none-eabi/lib/thumb/v7e-m/nofp/librdimon.a(rdimon-syscalls.o)
 .bss.monitor_stderr
                0x0000000020000a04        0x4 /opt/gcc-arm/bin/../lib/gcc/arm-none-eabi/10.3.1/../../../../arm-none-eabi/lib/thumb/v7e-m/nofp/librdimon.a(rdimon-syscalls.o)
 .bss.monitor_stdin
                0x0000000020000a08        0x4 /opt/gcc-arm/bin/../lib/gcc/arm-none-eabi/10.3.1/../../../../arm-none-eabi/lib/thumb/v7e-m/nofp/librdimon.a(rdimon-syscalls.o)
 .bss.monitor_stdout
                0x0000000020000a0c        0x4 /opt/gcc-arm/bin/../lib/gcc/arm-none-eabi/10.3.1/../../../../arm-none-eabi/lib/thumb/v7e-m/nofp/librdimon.a(rdimon-syscalls.o)
 .bss.openfiles
                0x0000000020000a10       0xa0 /opt/gcc-arm/bin/../lib/gcc/arm-none-eabi/10.3.1/../../../../arm-none-eabi/lib/thumb/v7e-m/nofp/librdimon.a(rdimon-syscalls.o)
 *(COMMON)
                0x0000000020000ab0                . = ALIGN (0x4)
                0x0000000020000ab0                _ebss = .
                0x0000000020000ab0                __bss_end__ = _ebss

.dynamic_allocations
                0x0000000020000ab0      0x200 load address 0x0000000008004038
                0x0000000020000ab0                . = ALIGN (0x4)
                0x0000000020000ab0                _ssystem_ram = .
                0x0000000020000ab0                end = .
                0x0000000020000ab0                _end = .
                0x0000000020000ab0                __end__ = .
                0x0000000020000cb0                . = (. + _Min_Stack_Size)
 *fill*         0x0000000020000ab0      0x200 
                0x0000000020000cb0                . = ALIGN (0x4)
                0x0000000020000cb0                _esystem_ram = .
OUTPUT(final_sh.elf elf32-littlearm)
LOAD linker stubs

.ARM.attributes
                0x0000000000000000       0x2a
 .ARM.attributes
                0x0000000000000000       0x1e /opt/gcc-arm/bin/../lib/gcc/arm-none-eabi/10.3.1/thumb/v7e-m/nofp/crti.o
 .ARM.attributes
                0x000000000000001e       0x2e /opt/gcc-arm/bin/../lib/gcc/arm-none-eabi/10.3.1/thumb/v7e-m/nofp/crtbegin.o
 .ARM.attributes
                0x000000000000004c       0x1c /opt/gcc-arm/bin/../lib/gcc/arm-none-eabi/10.3.1/../../../../arm-none-eabi/lib/thumb/v7e-m/nofp/rdimon-crt0.o
 .ARM.attributes
                0x0000000000000068       0x2e main.o
 .ARM.attributes
                0x0000000000000096       0x2e gpio.o
 .ARM.attributes
                0x00000000000000c4       0x2e clock.o
 .ARM.attributes
                0x00000000000000f2       0x2e i2c.o
 .ARM.attributes
                0x0000000000000120       0x2e nvic.o
 .ARM.attributes
                0x000000000000014e       0x2e exti.o
 .ARM.attributes
                0x000000000000017c       0x2e systick.o
 .ARM.attributes
                0x00000000000001aa       0x2e stm32_startup.o
 .ARM.attributes
                0x00000000000001d8       0x2e /opt/gcc-arm/bin/../lib/gcc/arm-none-eabi/10.3.1/../../../../arm-none-eabi/lib/thumb/v7e-m/nofp/libc.a(lib_a-exit.o)
 .ARM.attributes
                0x0000000000000206       0x2e /opt/gcc-arm/bin/../lib/gcc/arm-none-eabi/10.3.1/../../../../arm-none-eabi/lib/thumb/v7e-m/nofp/libc.a(lib_a-impure.o)
 .ARM.attributes
                0x0000000000000234       0x2e /opt/gcc-arm/bin/../lib/gcc/arm-none-eabi/10.3.1/../../../../arm-none-eabi/lib/thumb/v7e-m/nofp/libc.a(lib_a-init.o)
 .ARM.attributes
                0x0000000000000262       0x2e /opt/gcc-arm/bin/../lib/gcc/arm-none-eabi/10.3.1/../../../../arm-none-eabi/lib/thumb/v7e-m/nofp/libc.a(lib_a-memset.o)
 .ARM.attributes
                0x0000000000000290       0x2e /opt/gcc-arm/bin/../lib/gcc/arm-none-eabi/10.3.1/../../../../arm-none-eabi/lib/thumb/v7e-m/nofp/libc.a(lib_a-puts.o)
 .ARM.attributes
                0x00000000000002be       0x1c /opt/gcc-arm/bin/../lib/gcc/arm-none-eabi/10.3.1/../../../../arm-none-eabi/lib/thumb/v7e-m/nofp/libc.a(lib_a-strlen.o)
 .ARM.attributes
                0x00000000000002da       0x2e /opt/gcc-arm/bin/../lib/gcc/arm-none-eabi/10.3.1/../../../../arm-none-eabi/lib/thumb/v7e-m/nofp/libc.a(lib_a-__call_atexit.o)
 .ARM.attributes
                0x0000000000000308       0x2e /opt/gcc-arm/bin/../lib/gcc/arm-none-eabi/10.3.1/../../../../arm-none-eabi/lib/thumb/v7e-m/nofp/libc.a(lib_a-atexit.o)
 .ARM.attributes
                0x0000000000000336       0x2e /opt/gcc-arm/bin/../lib/gcc/arm-none-eabi/10.3.1/../../../../arm-none-eabi/lib/thumb/v7e-m/nofp/libc.a(lib_a-findfp.o)
 .ARM.attributes
                0x0000000000000364       0x2e /opt/gcc-arm/bin/../lib/gcc/arm-none-eabi/10.3.1/../../../../arm-none-eabi/lib/thumb/v7e-m/nofp/libc.a(lib_a-fini.o)
 .ARM.attributes
                0x0000000000000392       0x2e /opt/gcc-arm/bin/../lib/gcc/arm-none-eabi/10.3.1/../../../../arm-none-eabi/lib/thumb/v7e-m/nofp/libc.a(lib_a-fvwrite.o)
 .ARM.attributes
                0x00000000000003c0       0x2e /opt/gcc-arm/bin/../lib/gcc/arm-none-eabi/10.3.1/../../../../arm-none-eabi/lib/thumb/v7e-m/nofp/libc.a(lib_a-fwalk.o)
 .ARM.attributes
                0x00000000000003ee       0x2e /opt/gcc-arm/bin/../lib/gcc/arm-none-eabi/10.3.1/../../../../arm-none-eabi/lib/thumb/v7e-m/nofp/libc.a(lib_a-lock.o)
 .ARM.attributes
                0x000000000000041c       0x2e /opt/gcc-arm/bin/../lib/gcc/arm-none-eabi/10.3.1/../../../../arm-none-eabi/lib/thumb/v7e-m/nofp/libc.a(lib_a-mallocr.o)
 .ARM.attributes
                0x000000000000044a       0x1c /opt/gcc-arm/bin/../lib/gcc/arm-none-eabi/10.3.1/../../../../arm-none-eabi/lib/thumb/v7e-m/nofp/libc.a(lib_a-memchr.o)
 .ARM.attributes
                0x0000000000000466       0x1c /opt/gcc-arm/bin/../lib/gcc/arm-none-eabi/10.3.1/../../../../arm-none-eabi/lib/thumb/v7e-m/nofp/libc.a(lib_a-memcpy.o)
 .ARM.attributes
                0x0000000000000482       0x2e /opt/gcc-arm/bin/../lib/gcc/arm-none-eabi/10.3.1/../../../../arm-none-eabi/lib/thumb/v7e-m/nofp/libc.a(lib_a-memmove.o)
 .ARM.attributes
                0x00000000000004b0       0x2e /opt/gcc-arm/bin/../lib/gcc/arm-none-eabi/10.3.1/../../../../arm-none-eabi/lib/thumb/v7e-m/nofp/libc.a(lib_a-mlock.o)
 .ARM.attributes
                0x00000000000004de       0x2e /opt/gcc-arm/bin/../lib/gcc/arm-none-eabi/10.3.1/../../../../arm-none-eabi/lib/thumb/v7e-m/nofp/libc.a(lib_a-reallocr.o)
 .ARM.attributes
                0x000000000000050c       0x2e /opt/gcc-arm/bin/../lib/gcc/arm-none-eabi/10.3.1/../../../../arm-none-eabi/lib/thumb/v7e-m/nofp/libc.a(lib_a-sbrkr.o)
 .ARM.attributes
                0x000000000000053a       0x2e /opt/gcc-arm/bin/../lib/gcc/arm-none-eabi/10.3.1/../../../../arm-none-eabi/lib/thumb/v7e-m/nofp/libc.a(lib_a-stdio.o)
 .ARM.attributes
                0x0000000000000568       0x2e /opt/gcc-arm/bin/../lib/gcc/arm-none-eabi/10.3.1/../../../../arm-none-eabi/lib/thumb/v7e-m/nofp/libc.a(lib_a-writer.o)
 .ARM.attributes
                0x0000000000000596       0x2e /opt/gcc-arm/bin/../lib/gcc/arm-none-eabi/10.3.1/../../../../arm-none-eabi/lib/thumb/v7e-m/nofp/libc.a(lib_a-wsetup.o)
 .ARM.attributes
                0x00000000000005c4       0x2e /opt/gcc-arm/bin/../lib/gcc/arm-none-eabi/10.3.1/../../../../arm-none-eabi/lib/thumb/v7e-m/nofp/libc.a(lib_a-__atexit.o)
 .ARM.attributes
                0x00000000000005f2       0x2e /opt/gcc-arm/bin/../lib/gcc/arm-none-eabi/10.3.1/../../../../arm-none-eabi/lib/thumb/v7e-m/nofp/libc.a(lib_a-closer.o)
 .ARM.attributes
                0x0000000000000620       0x2e /opt/gcc-arm/bin/../lib/gcc/arm-none-eabi/10.3.1/../../../../arm-none-eabi/lib/thumb/v7e-m/nofp/libc.a(lib_a-fclose.o)
 .ARM.attributes
                0x000000000000064e       0x2e /opt/gcc-arm/bin/../lib/gcc/arm-none-eabi/10.3.1/../../../../arm-none-eabi/lib/thumb/v7e-m/nofp/libc.a(lib_a-fflush.o)
 .ARM.attributes
                0x000000000000067c       0x2e /opt/gcc-arm/bin/../lib/gcc/arm-none-eabi/10.3.1/../../../../arm-none-eabi/lib/thumb/v7e-m/nofp/libc.a(lib_a-freer.o)
 .ARM.attributes
                0x00000000000006aa       0x2e /opt/gcc-arm/bin/../lib/gcc/arm-none-eabi/10.3.1/../../../../arm-none-eabi/lib/thumb/v7e-m/nofp/libc.a(lib_a-lseekr.o)
 .ARM.attributes
                0x00000000000006d8       0x2e /opt/gcc-arm/bin/../lib/gcc/arm-none-eabi/10.3.1/../../../../arm-none-eabi/lib/thumb/v7e-m/nofp/libc.a(lib_a-makebuf.o)
 .ARM.attributes
                0x0000000000000706       0x2e /opt/gcc-arm/bin/../lib/gcc/arm-none-eabi/10.3.1/../../../../arm-none-eabi/lib/thumb/v7e-m/nofp/libc.a(lib_a-readr.o)
 .ARM.attributes
                0x0000000000000734       0x2e /opt/gcc-arm/bin/../lib/gcc/arm-none-eabi/10.3.1/../../../../arm-none-eabi/lib/thumb/v7e-m/nofp/libc.a(lib_a-reent.o)
 .ARM.attributes
                0x0000000000000762       0x2e /opt/gcc-arm/bin/../lib/gcc/arm-none-eabi/10.3.1/../../../../arm-none-eabi/lib/thumb/v7e-m/nofp/libc.a(lib_a-fstatr.o)
 .ARM.attributes
                0x0000000000000790       0x2e /opt/gcc-arm/bin/../lib/gcc/arm-none-eabi/10.3.1/../../../../arm-none-eabi/lib/thumb/v7e-m/nofp/libc.a(lib_a-isattyr.o)
 .ARM.attributes
                0x00000000000007be       0x2e /opt/gcc-arm/bin/../lib/gcc/arm-none-eabi/10.3.1/../../../../arm-none-eabi/lib/thumb/v7e-m/nofp/librdimon.a(rdimon-syscalls.o)
 .ARM.attributes
                0x00000000000007ec       0x2e /opt/gcc-arm/bin/../lib/gcc/arm-none-eabi/10.3.1/../../../../arm-none-eabi/lib/thumb/v7e-m/nofp/librdimon.a(rdimon-_exit.o)
 .ARM.attributes
                0x000000000000081a       0x2e /opt/gcc-arm/bin/../lib/gcc/arm-none-eabi/10.3.1/../../../../arm-none-eabi/lib/thumb/v7e-m/nofp/librdimon.a(rdimon-_kill.o)
 .ARM.attributes
                0x0000000000000848       0x2e /opt/gcc-arm/bin/../lib/gcc/arm-none-eabi/10.3.1/../../../../arm-none-eabi/lib/thumb/v7e-m/nofp/libc.a(lib_a-errno.o)
 .ARM.attributes
                0x0000000000000876       0x2e /opt/gcc-arm/bin/../lib/gcc/arm-none-eabi/10.3.1/thumb/v7e-m/nofp/crtend.o
 .ARM.attributes
                0x00000000000008a4       0x1e /opt/gcc-arm/bin/../lib/gcc/arm-none-eabi/10.3.1/thumb/v7e-m/nofp/crtn.o

.comment        0x0000000000000000       0x49
 .comment       0x0000000000000000       0x49 main.o
                                         0x4a (size before relaxing)
 .comment       0x0000000000000049       0x4a gpio.o
 .comment       0x0000000000000049       0x4a clock.o
 .comment       0x0000000000000049       0x4a i2c.o
 .comment       0x0000000000000049       0x4a nvic.o
 .comment       0x0000000000000049       0x4a exti.o
 .comment       0x0000000000000049       0x4a systick.o
 .comment       0x0000000000000049       0x4a stm32_startup.o

.debug_info     0x0000000000000000      0x8b1
 .debug_info    0x0000000000000000       0xa2 main.o
 .debug_info    0x00000000000000a2      0x14c gpio.o
 .debug_info    0x00000000000001ee      0x102 clock.o
 .debug_info    0x00000000000002f0      0x15d i2c.o
 .debug_info    0x000000000000044d       0xbe nvic.o
 .debug_info    0x000000000000050b       0xde exti.o
 .debug_info    0x00000000000005e9      0x139 systick.o
 .debug_info    0x0000000000000722      0x18f stm32_startup.o

.debug_abbrev   0x0000000000000000      0x4f7
 .debug_abbrev  0x0000000000000000       0x5a main.o
 .debug_abbrev  0x000000000000005a       0xa1 gpio.o
 .debug_abbrev  0x00000000000000fb       0x69 clock.o
 .debug_abbrev  0x0000000000000164       0xef i2c.o
 .debug_abbrev  0x0000000000000253       0x56 nvic.o
 .debug_abbrev  0x00000000000002a9       0x70 exti.o
 .debug_abbrev  0x0000000000000319       0xe4 systick.o
 .debug_abbrev  0x00000000000003fd       0xfa stm32_startup.o

.debug_aranges  0x0000000000000000      0x100
 .debug_aranges
                0x0000000000000000       0x20 main.o
 .debug_aranges
                0x0000000000000020       0x20 gpio.o
 .debug_aranges
                0x0000000000000040       0x20 clock.o
 .debug_aranges
                0x0000000000000060       0x20 i2c.o
 .debug_aranges
                0x0000000000000080       0x20 nvic.o
 .debug_aranges
                0x00000000000000a0       0x20 exti.o
 .debug_aranges
                0x00000000000000c0       0x20 systick.o
 .debug_aranges
                0x00000000000000e0       0x20 stm32_startup.o

.debug_macro    0x0000000000000000     0x26ba
 .debug_macro   0x0000000000000000      0x1f4 main.o
 .debug_macro   0x00000000000001f4      0xa5a main.o
 .debug_macro   0x0000000000000c4e       0x22 main.o
 .debug_macro   0x0000000000000c70       0x8e main.o
 .debug_macro   0x0000000000000cfe       0x51 main.o
 .debug_macro   0x0000000000000d4f      0x103 main.o
 .debug_macro   0x0000000000000e52       0x6a main.o
 .debug_macro   0x0000000000000ebc      0x1df main.o
 .debug_macro   0x000000000000109b       0x64 main.o
 .debug_macro   0x00000000000010ff       0x18 main.o
 .debug_macro   0x0000000000001117       0x35 main.o
 .debug_macro   0x000000000000114c       0x34 main.o
 .debug_macro   0x0000000000001180       0x16 main.o
 .debug_macro   0x0000000000001196       0x97 main.o
 .debug_macro   0x000000000000122d      0x341 main.o
 .debug_macro   0x000000000000156e       0xfd main.o
 .debug_macro   0x000000000000166b       0x10 main.o
 .debug_macro   0x000000000000167b       0x16 main.o
 .debug_macro   0x0000000000001691       0x43 main.o
 .debug_macro   0x00000000000016d4       0x34 main.o
 .debug_macro   0x0000000000001708       0x10 main.o
 .debug_macro   0x0000000000001718       0x58 main.o
 .debug_macro   0x0000000000001770      0x182 main.o
 .debug_macro   0x00000000000018f2       0x10 main.o
 .debug_macro   0x0000000000001902       0x1c main.o
 .debug_macro   0x000000000000191e       0x52 main.o
 .debug_macro   0x0000000000001970       0x22 main.o
 .debug_macro   0x0000000000001992       0x10 main.o
 .debug_macro   0x00000000000019a2       0x52 main.o
 .debug_macro   0x00000000000019f4       0xd5 main.o
 .debug_macro   0x0000000000001ac9       0x1c main.o
 .debug_macro   0x0000000000001ae5       0x3d main.o
 .debug_macro   0x0000000000001b22       0x16 main.o
 .debug_macro   0x0000000000001b38      0x16f main.o
 .debug_macro   0x0000000000001ca7       0xbb gpio.o
 .debug_macro   0x0000000000001d62      0x1fe clock.o
 .debug_macro   0x0000000000001f60      0x22c i2c.o
 .debug_macro   0x000000000000218c       0x97 nvic.o
 .debug_macro   0x0000000000002223      0x22e exti.o
 .debug_macro   0x0000000000002451      0x1e8 systick.o
 .debug_macro   0x0000000000002639       0x81 stm32_startup.o

.debug_line     0x0000000000000000     0x143c
 .debug_line    0x0000000000000000      0x2d8 main.o
 .debug_line    0x00000000000002d8      0x1bf gpio.o
 .debug_line    0x0000000000000497      0x2bf clock.o
 .debug_line    0x0000000000000756      0x3fe i2c.o
 .debug_line    0x0000000000000b54      0x16a nvic.o
 .debug_line    0x0000000000000cbe      0x2e5 exti.o
 .debug_line    0x0000000000000fa3      0x2cf systick.o
 .debug_line    0x0000000000001272      0x1ca stm32_startup.o

.debug_str      0x0000000000000000     0x8101
 .debug_str     0x0000000000000000     0x74f6 main.o
                                       0x76d1 (size before relaxing)
 .debug_str     0x00000000000074f6      0x2cc gpio.o
                                       0x3e10 (size before relaxing)
 .debug_str     0x00000000000077c2      0x1f2 clock.o
                                       0x788d (size before relaxing)
 .debug_str     0x00000000000079b4      0x291 i2c.o
                                       0x7958 (size before relaxing)
 .debug_str     0x0000000000007c45      0x14e nvic.o
                                       0x3c95 (size before relaxing)
 .debug_str     0x0000000000007d93      0x19f exti.o
                                       0x7878 (size before relaxing)
 .debug_str     0x0000000000007f32       0xd1 systick.o
                                       0x778e (size before relaxing)
 .debug_str     0x0000000000008003       0xfe stm32_startup.o
                                       0x3c4a (size before relaxing)

.debug_frame    0x0000000000000000     0x1278
 .debug_frame   0x0000000000000000       0x30 main.o
 .debug_frame   0x0000000000000030      0x118 gpio.o
 .debug_frame   0x0000000000000148       0x70 clock.o
 .debug_frame   0x00000000000001b8       0xa4 i2c.o
 .debug_frame   0x000000000000025c       0x70 nvic.o
 .debug_frame   0x00000000000002cc       0x8c exti.o
 .debug_frame   0x0000000000000358       0xd0 systick.o
 .debug_frame   0x0000000000000428       0x4c stm32_startup.o
 .debug_frame   0x0000000000000474       0x28 /opt/gcc-arm/bin/../lib/gcc/arm-none-eabi/10.3.1/../../../../arm-none-eabi/lib/thumb/v7e-m/nofp/libc.a(lib_a-exit.o)
 .debug_frame   0x000000000000049c       0x2c /opt/gcc-arm/bin/../lib/gcc/arm-none-eabi/10.3.1/../../../../arm-none-eabi/lib/thumb/v7e-m/nofp/libc.a(lib_a-init.o)
 .debug_frame   0x00000000000004c8       0x2c /opt/gcc-arm/bin/../lib/gcc/arm-none-eabi/10.3.1/../../../../arm-none-eabi/lib/thumb/v7e-m/nofp/libc.a(lib_a-memset.o)
 .debug_frame   0x00000000000004f4       0x4c /opt/gcc-arm/bin/../lib/gcc/arm-none-eabi/10.3.1/../../../../arm-none-eabi/lib/thumb/v7e-m/nofp/libc.a(lib_a-puts.o)
 .debug_frame   0x0000000000000540       0x5c /opt/gcc-arm/bin/../lib/gcc/arm-none-eabi/10.3.1/../../../../arm-none-eabi/lib/thumb/v7e-m/nofp/libc.a(lib_a-__call_atexit.o)
 .debug_frame   0x000000000000059c       0x20 /opt/gcc-arm/bin/../lib/gcc/arm-none-eabi/10.3.1/../../../../arm-none-eabi/lib/thumb/v7e-m/nofp/libc.a(lib_a-atexit.o)
 .debug_frame   0x00000000000005bc      0x154 /opt/gcc-arm/bin/../lib/gcc/arm-none-eabi/10.3.1/../../../../arm-none-eabi/lib/thumb/v7e-m/nofp/libc.a(lib_a-findfp.o)
 .debug_frame   0x0000000000000710       0x34 /opt/gcc-arm/bin/../lib/gcc/arm-none-eabi/10.3.1/../../../../arm-none-eabi/lib/thumb/v7e-m/nofp/libc.a(lib_a-fini.o)
 .debug_frame   0x0000000000000744       0x64 /opt/gcc-arm/bin/../lib/gcc/arm-none-eabi/10.3.1/../../../../arm-none-eabi/lib/thumb/v7e-m/nofp/libc.a(lib_a-fvwrite.o)
 .debug_frame   0x00000000000007a8       0x54 /opt/gcc-arm/bin/../lib/gcc/arm-none-eabi/10.3.1/../../../../arm-none-eabi/lib/thumb/v7e-m/nofp/libc.a(lib_a-fwalk.o)
 .debug_frame   0x00000000000007fc       0xb0 /opt/gcc-arm/bin/../lib/gcc/arm-none-eabi/10.3.1/../../../../arm-none-eabi/lib/thumb/v7e-m/nofp/libc.a(lib_a-lock.o)
 .debug_frame   0x00000000000008ac       0x4c /opt/gcc-arm/bin/../lib/gcc/arm-none-eabi/10.3.1/../../../../arm-none-eabi/lib/thumb/v7e-m/nofp/libc.a(lib_a-mallocr.o)
 .debug_frame   0x00000000000008f8       0x40 /opt/gcc-arm/bin/../lib/gcc/arm-none-eabi/10.3.1/../../../../arm-none-eabi/lib/thumb/v7e-m/nofp/libc.a(lib_a-memmove.o)
 .debug_frame   0x0000000000000938       0x30 /opt/gcc-arm/bin/../lib/gcc/arm-none-eabi/10.3.1/../../../../arm-none-eabi/lib/thumb/v7e-m/nofp/libc.a(lib_a-mlock.o)
 .debug_frame   0x0000000000000968       0x48 /opt/gcc-arm/bin/../lib/gcc/arm-none-eabi/10.3.1/../../../../arm-none-eabi/lib/thumb/v7e-m/nofp/libc.a(lib_a-reallocr.o)
 .debug_frame   0x00000000000009b0       0x2c /opt/gcc-arm/bin/../lib/gcc/arm-none-eabi/10.3.1/../../../../arm-none-eabi/lib/thumb/v7e-m/nofp/libc.a(lib_a-sbrkr.o)
 .debug_frame   0x00000000000009dc       0x8c /opt/gcc-arm/bin/../lib/gcc/arm-none-eabi/10.3.1/../../../../arm-none-eabi/lib/thumb/v7e-m/nofp/libc.a(lib_a-stdio.o)
 .debug_frame   0x0000000000000a68       0x2c /opt/gcc-arm/bin/../lib/gcc/arm-none-eabi/10.3.1/../../../../arm-none-eabi/lib/thumb/v7e-m/nofp/libc.a(lib_a-writer.o)
 .debug_frame   0x0000000000000a94       0x2c /opt/gcc-arm/bin/../lib/gcc/arm-none-eabi/10.3.1/../../../../arm-none-eabi/lib/thumb/v7e-m/nofp/libc.a(lib_a-wsetup.o)
 .debug_frame   0x0000000000000ac0       0x34 /opt/gcc-arm/bin/../lib/gcc/arm-none-eabi/10.3.1/../../../../arm-none-eabi/lib/thumb/v7e-m/nofp/libc.a(lib_a-__atexit.o)
 .debug_frame   0x0000000000000af4       0x2c /opt/gcc-arm/bin/../lib/gcc/arm-none-eabi/10.3.1/../../../../arm-none-eabi/lib/thumb/v7e-m/nofp/libc.a(lib_a-closer.o)
 .debug_frame   0x0000000000000b20       0x3c /opt/gcc-arm/bin/../lib/gcc/arm-none-eabi/10.3.1/../../../../arm-none-eabi/lib/thumb/v7e-m/nofp/libc.a(lib_a-fclose.o)
 .debug_frame   0x0000000000000b5c       0x70 /opt/gcc-arm/bin/../lib/gcc/arm-none-eabi/10.3.1/../../../../arm-none-eabi/lib/thumb/v7e-m/nofp/libc.a(lib_a-fflush.o)
 .debug_frame   0x0000000000000bcc       0x8c /opt/gcc-arm/bin/../lib/gcc/arm-none-eabi/10.3.1/../../../../arm-none-eabi/lib/thumb/v7e-m/nofp/libc.a(lib_a-freer.o)
 .debug_frame   0x0000000000000c58       0x2c /opt/gcc-arm/bin/../lib/gcc/arm-none-eabi/10.3.1/../../../../arm-none-eabi/lib/thumb/v7e-m/nofp/libc.a(lib_a-lseekr.o)
 .debug_frame   0x0000000000000c84       0x70 /opt/gcc-arm/bin/../lib/gcc/arm-none-eabi/10.3.1/../../../../arm-none-eabi/lib/thumb/v7e-m/nofp/libc.a(lib_a-makebuf.o)
 .debug_frame   0x0000000000000cf4       0x2c /opt/gcc-arm/bin/../lib/gcc/arm-none-eabi/10.3.1/../../../../arm-none-eabi/lib/thumb/v7e-m/nofp/libc.a(lib_a-readr.o)
 .debug_frame   0x0000000000000d20       0x64 /opt/gcc-arm/bin/../lib/gcc/arm-none-eabi/10.3.1/../../../../arm-none-eabi/lib/thumb/v7e-m/nofp/libc.a(lib_a-reent.o)
 .debug_frame   0x0000000000000d84       0x2c /opt/gcc-arm/bin/../lib/gcc/arm-none-eabi/10.3.1/../../../../arm-none-eabi/lib/thumb/v7e-m/nofp/libc.a(lib_a-fstatr.o)
 .debug_frame   0x0000000000000db0       0x2c /opt/gcc-arm/bin/../lib/gcc/arm-none-eabi/10.3.1/../../../../arm-none-eabi/lib/thumb/v7e-m/nofp/libc.a(lib_a-isattyr.o)
 .debug_frame   0x0000000000000ddc      0x414 /opt/gcc-arm/bin/../lib/gcc/arm-none-eabi/10.3.1/../../../../arm-none-eabi/lib/thumb/v7e-m/nofp/librdimon.a(rdimon-syscalls.o)
 .debug_frame   0x00000000000011f0       0x28 /opt/gcc-arm/bin/../lib/gcc/arm-none-eabi/10.3.1/../../../../arm-none-eabi/lib/thumb/v7e-m/nofp/librdimon.a(rdimon-_exit.o)
 .debug_frame   0x0000000000001218       0x40 /opt/gcc-arm/bin/../lib/gcc/arm-none-eabi/10.3.1/../../../../arm-none-eabi/lib/thumb/v7e-m/nofp/librdimon.a(rdimon-_kill.o)
 .debug_frame   0x0000000000001258       0x20 /opt/gcc-arm/bin/../lib/gcc/arm-none-eabi/10.3.1/../../../../arm-none-eabi/lib/thumb/v7e-m/nofp/libc.a(lib_a-errno.o)
